== may chay: WSL (repo: /home/dmin/bsc-sandwich) ==
BSC_WS host = bsc-rpc.publicnode.com,wss (KHONG in URL day du)
  -> khop publicnode, OK
== cargo build --release ==
   Compiling bsc_sandwich v0.1.0 (/home/dmin/bsc-sandwich)
warning: field `log_index` is never read
   --> src/bin/competitor_recon.rs:193:5
    |
190 | struct SwapRow {
    |        ------- field in this struct
...
193 |     log_index: u64,
    |     ^^^^^^^^^
    |
    = note: `SwapRow` has derived impls for the traits `Clone` and `Debug`, but these are intentionally ignored during dead code analysis
    = note: `#[warn(dead_code)]` (part of `#[warn(unused)]`) on by default

warning: fields `block`, `tx_index`, `from`, `to`, and `status_ok` are never read
   --> src/bin/competitor_recon.rs:301:5
    |
300 | struct TxDetail {
    |        -------- fields in this struct
301 |     block: u64,
    |     ^^^^^
302 |     tx_index: u64,
    |     ^^^^^^^^
303 |     from: Address,
    |     ^^^^
304 |     to: Option<Address>,
    |     ^^
...
307 |     status_ok: bool,
    |     ^^^^^^^^^

warning: `bsc_sandwich` (bin "competitor_recon") generated 2 warnings
    Finished `release` profile [optimized] target(s) in 42.79s
== binary sha256 = 83565571c77c69c1f3e7cec90a069fb05e31161ed9a1fea9ecf19f3205bc8406 ==
== git HEAD = 187f10562f447e0f0b9dac27f73f231445242436 ==
da xoa state/halt.lock (neu co)
== config TAM (chi nguong ve 0 + web_port + live_mode neu co --live-mode, GIU NGUYEN sim_engine/pair_scan_universal/scan_quote_usdt tu config.toml that), port 8797 ==
== pairs_arb.txt (list A, strategy=backrun): total=28 vetted=28 ==
== pairs.txt (grep tho, xem sim.evm/pair.unvetted trong log de co so that): tong=133 vetted=133 chua_vet=0 ==
== chay bot 5 phut, log -> logs/paper_run_1789624003.log (bot.jsonl tu dong 246692) ==
PID=3232153
======== KET QUA SAU 5 PHUT (may: WSL, binary sha256: 83565571c77c69c1f3e7cec90a069fb05e31161ed9a1fea9ecf19f3205bc8406, git HEAD: 187f10562f447e0f0b9dac27f73f231445242436) ========
---- 30 dong funnel.minute cuoi (lan chay nay) ----
{"below_min":0,"competitor_victim":0,"deadline":0,"decode_fail":0,"event":"funnel.minute","gas_cap":0,"honeypot_or_tax":0,"no_pool":0,"nonce_future":0,"nonce_stale":0,"not_pancake_router":0,"not_wbnb_pair":0,"rpc_error":0,"sanity_reject":0,"seen":0,"sim_error":0,"simulated":0,"thin_liq":0,"ts":"2026-09-17T05:46:43.648650832+00:00","unprofitable":0,"venue_v2":0,"venue_v3":0,"victim_would_revert":0}
{"below_min":0,"competitor_victim":0,"deadline":0,"decode_fail":0,"event":"funnel.minute","gas_cap":0,"honeypot_or_tax":0,"no_pool":0,"nonce_future":0,"nonce_stale":0,"not_pancake_router":12881,"not_wbnb_pair":0,"rpc_error":0,"sanity_reject":0,"seen":13834,"sim_error":0,"simulated":0,"thin_liq":0,"ts":"2026-09-17T05:47:49.531337087+00:00","unprofitable":0,"venue_v2":0,"venue_v3":0,"victim_would_revert":0}
{"below_min":0,"competitor_victim":0,"deadline":0,"decode_fail":0,"event":"funnel.minute","gas_cap":0,"honeypot_or_tax":0,"no_pool":0,"nonce_future":0,"nonce_stale":0,"not_pancake_router":13207,"not_wbnb_pair":0,"rpc_error":0,"sanity_reject":0,"seen":14133,"sim_error":0,"simulated":0,"thin_liq":0,"ts":"2026-09-17T05:48:55.401092969+00:00","unprofitable":0,"venue_v2":0,"venue_v3":0,"victim_would_revert":0}
{"below_min":0,"competitor_victim":0,"deadline":0,"decode_fail":0,"event":"funnel.minute","gas_cap":0,"honeypot_or_tax":0,"no_pool":0,"nonce_future":0,"nonce_stale":0,"not_pancake_router":11555,"not_wbnb_pair":0,"rpc_error":0,"sanity_reject":0,"seen":12534,"sim_error":0,"simulated":0,"thin_liq":0,"ts":"2026-09-17T05:50:01.268806824+00:00","unprofitable":0,"venue_v2":0,"venue_v3":0,"victim_would_revert":0}
{"below_min":0,"competitor_victim":0,"deadline":0,"decode_fail":0,"event":"funnel.minute","gas_cap":0,"honeypot_or_tax":0,"no_pool":0,"nonce_future":0,"nonce_stale":0,"not_pancake_router":14634,"not_wbnb_pair":0,"rpc_error":0,"sanity_reject":0,"seen":15596,"sim_error":0,"simulated":0,"thin_liq":0,"ts":"2026-09-17T05:51:07.132068864+00:00","unprofitable":0,"venue_v2":0,"venue_v3":0,"victim_would_revert":0}
---- /api/skips ----
{"arb_no_flash_source":0,"arb_no_second_venue":0,"below_min":1,"competitor_victim":0,"deadline":0,"decode_fail":1622,"gas_cap":0,"honeypot_or_tax":0,"hooks_unread":0,"no_pool":0,"nonce_future":0,"nonce_stale":0,"not_in_list":2977,"not_pancake_router":0,"not_quote_pair":114,"not_wbnb_pair":0,"rpc_error":0,"sanity_reject":1,"sell_direction":0,"sim_error":0,"thin_liq":0,"unprofitable":1,"venue_unpinned":0,"victim_would_revert":0}
---- /api/funnel ----
{"below_min":0,"competitor_victim":0,"deadline":0,"decode_fail":0,"gas_cap":0,"honeypot_or_tax":0,"no_pool":0,"nonce_future":0,"nonce_stale":0,"not_pancake_router":12457,"not_wbnb_pair":0,"rpc_error":0,"sanity_reject":0,"seen":13353,"sim_error":0,"simulated":0,"thin_liq":0,"unprofitable":0,"venue_v2":0,"venue_v3":0,"victim_would_revert":0}
---- /api/tax ----
{"allow_tax_inject":true,"current_block":122360719,"entries":[],"tax_cache_blocks":30,"tax_cache_ttl_sec":600}
---- /api/pairs ----
{"count":28,"error_lines":0,"last_reload_sec_ago":30,"pairs":[{"buy_bps":0,"candidate":true,"honeypot":false,"last_vet_sec_ago":214,"pair_addr":"0x66f289de31eef70d52186729d2637ac978cfc56b","resolved_from":"token","sell_bps":0,"source_line":"0x924fa68a0fc644485b8df8abfa0a41c2e7744444","symbol":"币安人生","vetted_at":"2026-09-17"},{"buy_bps":0,"candidate":true,"honeypot":false,"last_vet_sec_ago":217,"pair_addr":"0x71b01ebddd797c8e9e0b003ea2f4fd207fbf46cc","resolved_from":"token","sell_bps":0,"source_line":"0x4338665cbb7b2485a8855a139b75d5e34ab0db94","symbol":"LTC","vetted_at":"2026-09-17"},{"buy_bps":0,"candidate":true,"honeypot":false,"last_vet_sec_ago":234,"pair_addr":"0x0ed7e52944161450477ee417de9cd3a859b14fd0","resolved_from":"token","sell_bps":0,"source_line":"0x0e09fabb73bd3ade0a17ecc321fd13a19e81ce82","symbol":"Cake","vetted_at":"2026-09-17"},{"buy_bps":0,"candidate":true,"honeypot":false,"last_vet_sec_ago":226,"pair_addr":"0x26de6c26dd5560c181011907d8f70c202c2a29d6","resolved_from":"token","sell_bps":0,"source_line":"0xe6df05ce8c8301223373cf5b969afcb1498c5528","symbol":"KOGE","vetted_at":"2026-09-17"},{"buy_bps":0,"candidate":true,"honeypot":false,"last_vet_sec_ago":221,"pair_addr":"0x824eb9fadfb377394430d2744fa7c42916de3ece","resolved_from":"token","sell_bps":0,"source_line":"0xf8a0bf9cf54bb92f17374d9e9a321e6a111a51bd","symbol":"LINK","vetted_at":"2026-09-17"},{"buy_bps":0,"candidate":true,"honeypot":false,"last_vet_sec_ago":219,"pair_addr":"0x5ba49664d2e190e03be22e81f9e3954938606fc2","resolved_from":"token","sell_bps":0,"source_line":"0x5f980533b994c93631a639deda7892fc49995839","symbol":"COSA","vetted_at":"2026-09-17"},{"buy_bps":0,"candidate":true,"honeypot":false,"last_vet_sec_ago":174,"pair_addr":"0xc736ca3d9b1e90af4230bd8f9626528b3d4e0ee0","resolved_from":"token","sell_bps":0,"source_line":"0xc748673057861a797275cd8a068abb95a902e8de","symbol":"BabyDoge","vetted_at":"2026-09-17"},{"buy_bps":0,"candidate":true,"honeypot":false,"last_vet_sec_ago":202,"pair_addr":"0xb36c81707e5ca2bd6f68cd6b71b3178d29c48a4b","resolved_from":"token","sell_bps":0,"source_line":"0x86bb94ddd16efc8bc58e6b056e8df71d9e666429","symbol":"TST","vetted_at":"2026-09-17"},{"buy_bps":0,"candidate":true,"honeypot":false,"last_vet_sec_ago":196,"pair_addr":"0x0ec12db33551afba853b691b4edf49196ea0e99a","resolved_from":"token","sell_bps":0,"source_line":"0xd5eaaac47bd1993d661bc087e15dfb079a7f3c19","symbol":"KOMA","vetted_at":"2026-09-17"},{"buy_bps":0,"candidate":true,"honeypot":false,"last_vet_sec_ago":186,"pair_addr":"0x16b9a82891338f9ba80e2d6970fdda79d1eb0dae","resolved_from":"token","sell_bps":0,"source_line":"0x55d398326f99059ff775485246999027b3197955","symbol":"USDT","vetted_at":"2026-09-17"},{"buy_bps":0,"candidate":true,"honeypot":false,"last_vet_sec_ago":193,"pair_addr":"0xdd5bad8f8b360d76d12fda230f8baf42fe0022cf","resolved_from":"token","sell_bps":0,"source_line":"0x7083609fce4d1d8dc0c979aab8c869ea2c873402","symbol":"DOT","vetted_at":"2026-09-17"},{"buy_bps":0,"candidate":true,"honeypot":false,"last_vet_sec_ago":204,"pair_addr":"0x9eb0bc7a207f77811ee365729d00152622a745b7","resolved_from":"token","sell_bps":0,"source_line":"0x6d5ad1592ed9d6d1df9b93c793ab759573ed6714","symbol":"Broccoli","vetted_at":"2026-09-17"},{"buy_bps":0,"candidate":true,"honeypot":false,"last_vet_sec_ago":164,"pair_addr":"0x58f876857a02d6762e0101bb5c46a8c1ed44dc16","resolved_from":"token","sell_bps":0,"source_line":"0xe9e7cea3dedca5984780bafc599bd69add087d56","symbol":"BUSD","vetted_at":"2026-09-17"},{"buy_bps":0,"candidate":true,"honeypot":false,"last_vet_sec_ago":207,"pair_addr":"0x7eb5d86fd78f3852a3e0e064f2842d45a3db6ea2","resolved_from":"token","sell_bps":0,"source_line":"0xcf6bb5389c92bdda8a3747ddb454cb7a64626c63","symbol":"XVS","vetted_at":"2026-09-17"},{"buy_bps":0,"candidate":true,"honeypot":false,"last_vet_sec_ago":167,"pair_addr":"0x942b294e59a8c47a0f7f20df105b082710f7c305","resolved_from":"token","sell_bps":0,"source_line":"0xd41fdb03ba84762dd66a0af1a6c8540ff1ba5dfb","symbol":"SFP","vetted_at":"2026-09-17"},{"buy_bps":0,"candidate":true,"honeypot":false,"last_vet_sec_ago":181,"pair_addr":"0x258b62531e0d6c8d1e2e7ff23904fd851def77ca","resolved_from":"token","sell_bps":0,"source_line":"0x44440f83419de123d7d411187adb9962db017d03","symbol":"BNBHolder","vetted_at":"2026-09-17"},{"buy_bps":0,"candidate":true,"honeypot":false,"last_vet_sec_ago":229,"pair_addr":"0x49fd154a3784fb2f9b56cdbcaa0eef07865338f5","resolved_from":"token","sell_bps":0,"source_line":"0x80f1ff15b887cb19295d88c8c16f89d47f6d8888,0x55d398326f99059ff775485246999027b3197955","symbol":"COCO","vetted_at":"2026-09-17"},{"buy_bps":0,"candidate":true,"honeypot":false,"last_vet_sec_ago":169,"pair_addr":"0xa651c8deb3ff9f8d56a26e72042b7a8a1f433480","resolved_from":"token","sell_bps":0,"source_line":"0xc51a9250795c0186a6fb4a7d20a90330651e4444","symbol":"我踏马来了","vetted_at":"2026-09-17"},{"buy_bps":0,"candidate":true,"honeypot":false,"last_vet_sec_ago":172,"pair_addr":"0xbc42145d5a574ede9b8860fca2a49eb7b239efa5","resolved_from":"token","sell_bps":0,"source_line":"0x92aa03137385f18539301349dcfc9ebc923ffb10","symbol":"SKYAI","vetted_at":"2026-09-17"},{"buy_bps":0,"candidate":true,"honeypot":false,"last_vet_sec_ago":224,"pair_addr":"0x6df9adc1837bf37e0b1b943d59a7e50d9678c81b","resolved_from":"token","sell_bps":0,"source_line":"0x6894cde390a3f51155ea41ed24a33a4827d3063d","symbol":"CAT","vetted_at":"2026-09-17"},{"buy_bps":0,"candidate":true,"honeypot":false,"last_vet_sec_ago":231,"pair_addr":"0xaf0eb8f2f114917ef0026105c070cf08423f488e","resolved_from":"token","sell_bps":0,"source_line":"0x0df0587216a4a1bb7d5082fdc491d93d2dd4b413","symbol":"Cheems","vetted_at":"2026-09-17"},{"buy_bps":0,"candidate":true,"honeypot":false,"last_vet_sec_ago":236,"pair_addr":"0x74e4716e431f45807dcf19f284c7aa99f18a4fbc","resolved_from":"token","sell_bps":0,"source_line":"0x2170ed0880ac9a755fd29b2688956bd959f933f8","symbol":"ETH","vetted_at":"2026-09-17"},{"buy_bps":0,"candidate":true,"honeypot":false,"last_vet_sec_ago":199,"pair_addr":"0x3dcb1787a95d2ea0eb7d00887704eebf0d79bb13","resolved_from":"token","sell_bps":0,"source_line":"0x4b0f1812e5df2a09796481ff14017e6005508003","symbol":"TWT","vetted_at":"2026-09-17"},{"buy_bps":0,"candidate":true,"honeypot":false,"last_vet_sec_ago":212,"pair_addr":"0x28415ff2c35b65b9e5c7de82126b4015ab9d031f","resolved_from":"token","sell_bps":0,"source_line":"0x3ee2200efb3400fabb9aacf31297cbdd1d435d47","symbol":"ADA","vetted_at":"2026-09-17"},{"buy_bps":0,"candidate":true,"honeypot":false,"last_vet_sec_ago":209,"pair_addr":"0x03f18135c44c64ebfdcbad8297fe5bdafdbbdd86","resolved_from":"token","sell_bps":0,"source_line":"0x1d2f0da169ceb9fc7b3144628db156f3f6c60dbe","symbol":"XRP","vetted_at":"2026-09-17"},{"buy_bps":0,"candidate":true,"honeypot":false,"last_vet_sec_ago":183,"pair_addr":"0xf0a949d3d93b833c183a27ee067165b6f2c9625e","resolved_from":"token","sell_bps":0,"source_line":"0x0a43fc31a73013089df59194872ecae4cae14444","symbol":"4","vetted_at":"2026-09-17"},{"buy_bps":0,"candidate":true,"honeypot":false,"last_vet_sec_ago":188,"pair_addr":"0x8a71e31fd7259b52b5b59317da8a45d3612ed42b","resolved_from":"token","sell_bps":0,"source_line":"0x000ae314e2a2172a039b26378814c252734f556a","symbol":"ASTER","vetted_at":"2026-09-17"},{"buy_bps":0,"candidate":true,"honeypot":false,"last_vet_sec_ago":191,"pair_addr":"0x61eb789d75a95caa3ff50ed7e47b96c132fec082","resolved_from":"token","sell_bps":0,"source_line":"0x7130d2a12b9bcbfae4f2634d864a1ee1ce3ead9c","symbol":"BTCB","vetted_at":"2026-09-17"}],"pending":[],"pending_count":0}
---- /api/econ (cum real-economics-mode2, muc 3) ----
{"best_net_bnb":null,"bribe":{"samples":0,"sum_bribe_bnb":0.0},"buckets_bnb":[{"best_net_bnb":null,"bucket":"<0.01","count":930,"gross_pos":0,"median_gas_cost_bnb":null,"net_pos":0,"net_pos_non_cluster":0,"sum_net_pos_bnb":0.0,"sum_net_pos_bnb_non_cluster":0.0},{"best_net_bnb":null,"bucket":"0.01-0.05","count":39,"gross_pos":0,"median_gas_cost_bnb":null,"net_pos":0,"net_pos_non_cluster":0,"sum_net_pos_bnb":0.0,"sum_net_pos_bnb_non_cluster":0.0},{"best_net_bnb":null,"bucket":"0.05-0.2","count":24,"gross_pos":0,"median_gas_cost_bnb":null,"net_pos":0,"net_pos_non_cluster":0,"sum_net_pos_bnb":0.0,"sum_net_pos_bnb_non_cluster":0.0},{"best_net_bnb":null,"bucket":"0.2-1","count":937,"gross_pos":0,"median_gas_cost_bnb":null,"net_pos":0,"net_pos_non_cluster":0,"sum_net_pos_bnb":0.0,"sum_net_pos_bnb_non_cluster":0.0},{"best_net_bnb":null,"bucket":">=1","count":415,"gross_pos":0,"median_gas_cost_bnb":0.00036,"net_pos":0,"net_pos_non_cluster":0,"sum_net_pos_bnb":0.0,"sum_net_pos_bnb_non_cluster":0.0}],"buckets_front_in_bnb":[{"best_net_bnb":null,"bucket":"<0.01","count":0,"gross_pos":0,"median_gas_cost_bnb":null,"net_pos":0,"net_pos_non_cluster":0,"sum_net_pos_bnb":0.0,"sum_net_pos_bnb_non_cluster":0.0},{"best_net_bnb":null,"bucket":"0.01-0.05","count":0,"gross_pos":0,"median_gas_cost_bnb":null,"net_pos":0,"net_pos_non_cluster":0,"sum_net_pos_bnb":0.0,"sum_net_pos_bnb_non_cluster":0.0},{"best_net_bnb":null,"bucket":"0.05-0.2","count":0,"gross_pos":0,"median_gas_cost_bnb":null,"net_pos":0,"net_pos_non_cluster":0,"sum_net_pos_bnb":0.0,"sum_net_pos_bnb_non_cluster":0.0},{"best_net_bnb":null,"bucket":"0.2-1","count":0,"gross_pos":0,"median_gas_cost_bnb":null,"net_pos":0,"net_pos_non_cluster":0,"sum_net_pos_bnb":0.0,"sum_net_pos_bnb_non_cluster":0.0},{"best_net_bnb":null,"bucket":">=1","count":0,"gross_pos":0,"median_gas_cost_bnb":null,"net_pos":0,"net_pos_non_cluster":0,"sum_net_pos_bnb":0.0,"sum_net_pos_bnb_non_cluster":0.0}],"by_quote":{"usdt":635,"wbnb":2345},"candidate":4716,"capital_for_80pct_profit":{},"competitor":{"candidate":0,"pct_of_candidate":0.0,"pools_touched":0,"simulated":0,"sum_net_bnb":0.0},"decode_fail_by_router":{"SmartRouter":128,"UR Infinity":1479,"V2 Router":15},"latency_ms":{"p50":0.01024,"p95":0.027827,"samples":4716},"lines_scanned":4721,"net_pos_total":0,"net_pos_total_non_cluster":0,"nonce_stale_pct_of_candidate":0.0,"rate_inverted_rejected":0,"rate_unavailable":0,"sum_net_bnb_total_non_cluster":0.0,"summary_line":"candidate=4716 net_pos=0 net_pos_non_cluster=0 net_pos_v2ok=0 net_pos_evmok=0 net_pos_ca_hai_cong_ok=0 best_net_bnb=- p50_ms=0.01 p95_ms=0.03 stale_pct=0.00 decode_fail_smartrouter=128","top_pools":[{"competitor_touched":false,"count":2,"net_pos":0,"net_pos_non_cluster":0,"pair":"0x16b9a82891338f9ba80e2d6970fdda79d1eb0dae","pct_net_pos_la_vi_cum":0.0,"sum_net_bnb":0.0,"sum_net_bnb_non_cluster":0.0,"symbol":"USDT"},{"competitor_touched":false,"count":1,"net_pos":0,"net_pos_non_cluster":0,"pair":"0xbc42145d5a574ede9b8860fca2a49eb7b239efa5","pct_net_pos_la_vi_cum":0.0,"sum_net_bnb":0.0,"sum_net_bnb_non_cluster":0.0,"symbol":"SKYAI"}],"top_pools_by_net":[],"victim_ok":{"ca_hai_cong_ok":0,"evm_false":0,"evm_ok":0,"evm_unknown":0,"ghi_chu":"So tien DUY NHAT duoc phep ket luan kinh te la sum_net_bnb_ca_hai_cong_ok. net_pos tran trui va net_pos_non_cluster KHONG kiem tra victim co thuc thi duoc khong.","sum_net_bnb_ca_hai_cong_ok":0.0,"v2_false":0,"v2_ok":0,"v2_unknown":0}}
---- /api/validate ----
{"isolated":{"n":0,"p50_lech_pct":null,"p95_lech_pct":null,"within_1pct":0,"within_1pct_ratio":0.0},"non_isolated":{"n":0,"p50_lech_pct":null,"p95_lech_pct":null,"within_1pct":0,"within_1pct_ratio":0.0},"rows":[],"total":0,"within_1pct":0,"within_1pct_ratio":0.0}
---- 20 dong tx.skip cuoi (lan chay nay) ----
{"amount_in":null,"amount_in_bnb_equiv":null,"detail":null,"event":"tx.skip","fee":null,"from":"0x9ed75660a5d5dd2f290f51eaac6fbe2c4cea7b11","gas_cost_wei":null,"gas_price_gwei":null,"hash":"0x00eaf085ae13aaea4ab66972b9c31d8b579ebdc3facd3edd17229750f5560f52","pair":null,"quote":null,"reason":"decode_fail","reserve_quote":null,"seen_to_decision_ms":0.022941,"selector":"0xb858183f","source":"backrun","to":"0x13f4ea83d0bd40e75c8222255bc855a974568dd4","token":null,"ts":"2026-09-17T05:52:13.158237281+00:00","venue":"smart_router","victim_in_competitor_cluster":null}
{"amount_in":"24049527640016410242","amount_in_bnb_equiv":null,"detail":null,"event":"tx.skip","fee":null,"from":"0x6f1a8bf1d5865052762eab81d4c03ae0720efb14","gas_cost_wei":null,"gas_price_gwei":null,"hash":"0x50ce7b4b80f928ecf14a47c6c012435826e61024b03960a0451c8a4ef770baee","pair":null,"quote":"usdt","reason":"not_in_list","reserve_quote":null,"seen_to_decision_ms":0.009726,"selector":"0x5c11d795","source":"backrun","to":"0x10ed43c718714eb63d5aa57b78b54704e256024e","token":"0xb86126b872e3f23bc62d6a4a3152ec65202a2073","ts":"2026-09-17T05:52:13.241137526+00:00","venue":"v2","victim_in_competitor_cluster":null}
{"amount_in":"474878255078057000000","amount_in_bnb_equiv":null,"detail":null,"event":"tx.skip","fee":null,"from":"0x243a3e15a47e771401f5960f9e9c64781dd53ecc","gas_cost_wei":null,"gas_price_gwei":null,"hash":"0xf2c376f32c248d3d9a7846f3d95cbd56a060f6114345b9452b857e1b12ffc588","pair":null,"quote":"usdt","reason":"not_in_list","reserve_quote":null,"seen_to_decision_ms":0.015998000000000002,"selector":"0x5c11d795","source":"backrun","to":"0x10ed43c718714eb63d5aa57b78b54704e256024e","token":"0x0fd1ebe9200dc1e587b8ee82ccbd2a13413532f2","ts":"2026-09-17T05:52:13.241137126+00:00","venue":"v2","victim_in_competitor_cluster":null}
{"amount_in":"1064000000000000","amount_in_bnb_equiv":null,"detail":null,"event":"tx.skip","fee":null,"from":"0x3e4cb46a0fcb8aae68e3d4a4cc89a0f6ce8aa02b","gas_cost_wei":null,"gas_price_gwei":null,"hash":"0xda5a29720b66482515e9a14891b0f53d722f7ccb5d1a43dd6984d284dbfb4d60","pair":null,"quote":"wbnb","reason":"not_in_list","reserve_quote":null,"seen_to_decision_ms":0.013307,"selector":"0x7ff36ab5","source":"backrun","to":"0x10ed43c718714eb63d5aa57b78b54704e256024e","token":"0x8ac76a51cc950d9822d68b83fe1ad97b32cd580d","ts":"2026-09-17T05:52:13.241174518+00:00","venue":"v2","victim_in_competitor_cluster":null}
{"amount_in":"619594210354841155","amount_in_bnb_equiv":null,"detail":null,"event":"tx.skip","fee":null,"from":"0x10ebdbafd207730ef9b2d99aee95a9da30105525","gas_cost_wei":null,"gas_price_gwei":null,"hash":"0x5c1575f8385ab254c8f7b3e60995c85fff209af8c93aa8c9069be47c752509db","pair":null,"quote":"wbnb","reason":"not_in_list","reserve_quote":null,"seen_to_decision_ms":0.023419000000000002,"selector":"0x18cbafe5","source":"backrun","to":"0x10ed43c718714eb63d5aa57b78b54704e256024e","token":"0x8ac76a51cc950d9822d68b83fe1ad97b32cd580d","ts":"2026-09-17T05:52:13.241182847+00:00","venue":"v2","victim_in_competitor_cluster":null}
{"amount_in":"583442802745287448","amount_in_bnb_equiv":null,"detail":null,"event":"tx.skip","fee":null,"from":"0x9589d05553e3862393a534d60cb59b8f7eb684b4","gas_cost_wei":null,"gas_price_gwei":null,"hash":"0xa8017de7c74ce26974aa1fb2d2967399e4c84fd3a35ee640b5b6ad789df28816","pair":null,"quote":"wbnb","reason":"not_in_list","reserve_quote":null,"seen_to_decision_ms":0.003682,"selector":"0x18cbafe5","source":"backrun","to":"0x10ed43c718714eb63d5aa57b78b54704e256024e","token":"0x8ac76a51cc950d9822d68b83fe1ad97b32cd580d","ts":"2026-09-17T05:52:13.241196274+00:00","venue":"v2","victim_in_competitor_cluster":null}
{"amount_in":"867000000000000","amount_in_bnb_equiv":null,"detail":null,"event":"tx.skip","fee":null,"from":"0x1fe6d0f7b42e51d01f07594d39c2a2e6da29be6c","gas_cost_wei":null,"gas_price_gwei":null,"hash":"0x8819903b31efab795e19c5214a81e86c91389135225d5de1a9a2ebe842766999","pair":null,"quote":"wbnb","reason":"not_in_list","reserve_quote":null,"seen_to_decision_ms":0.031197,"selector":"0x7ff36ab5","source":"backrun","to":"0x10ed43c718714eb63d5aa57b78b54704e256024e","token":"0x8ac76a51cc950d9822d68b83fe1ad97b32cd580d","ts":"2026-09-17T05:52:13.241112821+00:00","venue":"v2","victim_in_competitor_cluster":null}
{"amount_in":"806000000000000","amount_in_bnb_equiv":null,"detail":null,"event":"tx.skip","fee":null,"from":"0x0dec8aa512ec645141c752c9de0b2e1cdee6ac95","gas_cost_wei":null,"gas_price_gwei":null,"hash":"0xe37b6a9329a67807a00a5905ed0f45f54fedd6b66ed1db13d52fcfab996b98cd","pair":null,"quote":"wbnb","reason":"not_in_list","reserve_quote":null,"seen_to_decision_ms":0.020801999999999998,"selector":"0x7ff36ab5","source":"backrun","to":"0x10ed43c718714eb63d5aa57b78b54704e256024e","token":"0x8ac76a51cc950d9822d68b83fe1ad97b32cd580d","ts":"2026-09-17T05:52:13.241239962+00:00","venue":"v2","victim_in_competitor_cluster":null}
{"amount_in":"1590600000000000000","amount_in_bnb_equiv":null,"detail":null,"event":"tx.skip","fee":null,"from":"0x1b80e77e1ff4c9a4837f2494c6b289b4af9e3c59","gas_cost_wei":null,"gas_price_gwei":null,"hash":"0xdbc529b272ac272daba2be57b1344b78a005ffb4ec9dfff36213bae5292699be","pair":null,"quote":"usdt","reason":"not_in_list","reserve_quote":null,"seen_to_decision_ms":0.009909,"selector":"0x5c11d795","source":"backrun","to":"0x10ed43c718714eb63d5aa57b78b54704e256024e","token":"0xcae117ca6bc8a341d2e7207f30e180f0e5618b9d","ts":"2026-09-17T05:52:13.288369476+00:00","venue":"v2","victim_in_competitor_cluster":null}
{"amount_in":"198840858292141351237394","amount_in_bnb_equiv":null,"detail":null,"event":"tx.skip","fee":null,"from":"0xab22d4be2429a11091da60d4acd6bff74cdcc8ee","gas_cost_wei":null,"gas_price_gwei":null,"hash":"0x7db82d937b96bf1f72618b52248b8dbf9ddedef84d7ad4b23753e6802f6cde01","pair":null,"quote":"wbnb","reason":"not_in_list","reserve_quote":null,"seen_to_decision_ms":0.051016,"selector":"0x791ac947","source":"backrun","to":"0x10ed43c718714eb63d5aa57b78b54704e256024e","token":"0x51062c3a4b651398ec7a5de2ba34d1a141d03e48","ts":"2026-09-17T05:52:13.288384032+00:00","venue":"v2","victim_in_competitor_cluster":null}
{"amount_in":null,"amount_in_bnb_equiv":null,"detail":null,"event":"tx.skip","fee":null,"from":"0xacf73dc209174719c68f82be4660e255d37270ee","gas_cost_wei":null,"gas_price_gwei":null,"hash":"0x368e1c34fcd06a611da857ac161e82604a0e5a9e5756e2d3a582c7c55639f129","pair":null,"quote":null,"reason":"decode_fail","reserve_quote":null,"seen_to_decision_ms":0.009569,"selector":"0x04e45aaf","source":"backrun","to":"0x13f4ea83d0bd40e75c8222255bc855a974568dd4","token":null,"ts":"2026-09-17T05:52:13.439869521+00:00","venue":"smart_router","victim_in_competitor_cluster":null}
{"amount_in":"966000000000000","amount_in_bnb_equiv":null,"detail":null,"event":"tx.skip","fee":null,"from":"0x3809d22d0560e42041caeaed1f68a819337344bf","gas_cost_wei":null,"gas_price_gwei":null,"hash":"0x98a9b931efd853dab9e999a561886dcd4bc3c6f1ff1a1f7ba37894f97dd48ffe","pair":null,"quote":"wbnb","reason":"not_in_list","reserve_quote":null,"seen_to_decision_ms":0.008652,"selector":"0x7ff36ab5","source":"backrun","to":"0x10ed43c718714eb63d5aa57b78b54704e256024e","token":"0x8ac76a51cc950d9822d68b83fe1ad97b32cd580d","ts":"2026-09-17T05:52:13.442697802+00:00","venue":"v2","victim_in_competitor_cluster":null}
{"amount_in":"959396864472170758","amount_in_bnb_equiv":null,"detail":null,"event":"tx.skip","fee":null,"from":"0x038ab3013960468fc488596de6e1fb9c5c440a4a","gas_cost_wei":null,"gas_price_gwei":null,"hash":"0x5f783324e52a86f7f6ada5f4a88c03f1737a6aa235ec148fae1bc964e5ac184b","pair":null,"quote":"usdt","reason":"not_in_list","reserve_quote":null,"seen_to_decision_ms":0.011571,"selector":"0x5c11d795","source":"backrun","to":"0x10ed43c718714eb63d5aa57b78b54704e256024e","token":"0xb86126b872e3f23bc62d6a4a3152ec65202a2073","ts":"2026-09-17T05:52:13.509874722+00:00","venue":"v2","victim_in_competitor_cluster":null}
{"amount_in":"844000000000000","amount_in_bnb_equiv":null,"detail":null,"event":"tx.skip","fee":null,"from":"0x0ae42b6b4482d36afaf965ed28f1c16a987c9449","gas_cost_wei":null,"gas_price_gwei":null,"hash":"0xe1ee0f913c4470c665483cf44cf39367c41f242b2aba3fc99497afeed8c6dccf","pair":null,"quote":"wbnb","reason":"not_in_list","reserve_quote":null,"seen_to_decision_ms":0.018257000000000002,"selector":"0x7ff36ab5","source":"backrun","to":"0x10ed43c718714eb63d5aa57b78b54704e256024e","token":"0x8ac76a51cc950d9822d68b83fe1ad97b32cd580d","ts":"2026-09-17T05:52:14.013167733+00:00","venue":"v2","victim_in_competitor_cluster":null}
{"amount_in":"995000000000000","amount_in_bnb_equiv":null,"detail":null,"event":"tx.skip","fee":null,"from":"0x3153ea6bee6572a4e4623b788fcbf574bb3d6a26","gas_cost_wei":null,"gas_price_gwei":null,"hash":"0xd52c7a8cb583661b8c3fdbb0be6047d36f46b8890b07815264b95d4132a45a38","pair":null,"quote":"wbnb","reason":"not_in_list","reserve_quote":null,"seen_to_decision_ms":0.041658,"selector":"0x7ff36ab5","source":"backrun","to":"0x10ed43c718714eb63d5aa57b78b54704e256024e","token":"0x8ac76a51cc950d9822d68b83fe1ad97b32cd580d","ts":"2026-09-17T05:52:14.013196395+00:00","venue":"v2","victim_in_competitor_cluster":null}
{"amount_in":"852000000000000","amount_in_bnb_equiv":null,"detail":null,"event":"tx.skip","fee":null,"from":"0xddc4c3402976ae32dd5fd61db53da440b2e4f11e","gas_cost_wei":null,"gas_price_gwei":null,"hash":"0xd6adaae3d6aa6b3441d1b6606f27655b1b3227dafbb39f4834da9ab5f368e84e","pair":null,"quote":"wbnb","reason":"not_in_list","reserve_quote":null,"seen_to_decision_ms":0.003444,"selector":"0x7ff36ab5","source":"backrun","to":"0x10ed43c718714eb63d5aa57b78b54704e256024e","token":"0x8ac76a51cc950d9822d68b83fe1ad97b32cd580d","ts":"2026-09-17T05:52:14.013201768+00:00","venue":"v2","victim_in_competitor_cluster":null}
{"amount_in":"807000000000000","amount_in_bnb_equiv":null,"detail":null,"event":"tx.skip","fee":null,"from":"0x9d8be699270200cdccb385695801a3a0a16e0d51","gas_cost_wei":null,"gas_price_gwei":null,"hash":"0xe0418ff4425f5ffb7bd26ab31d4e54cdeb819ca106c030714af58a5a62845a89","pair":null,"quote":"wbnb","reason":"not_in_list","reserve_quote":null,"seen_to_decision_ms":0.021582,"selector":"0x7ff36ab5","source":"backrun","to":"0x10ed43c718714eb63d5aa57b78b54704e256024e","token":"0x8ac76a51cc950d9822d68b83fe1ad97b32cd580d","ts":"2026-09-17T05:52:14.013222532+00:00","venue":"v2","victim_in_competitor_cluster":null}
{"amount_in":"1218000000000000","amount_in_bnb_equiv":null,"detail":null,"event":"tx.skip","fee":null,"from":"0xd21521fd0b8659d211ad52b3b726da970de6f5b2","gas_cost_wei":null,"gas_price_gwei":null,"hash":"0x637db97901ece94b46ebc0503e1ad48bb491a057f3b5479430816f52a8914576","pair":null,"quote":"wbnb","reason":"not_in_list","reserve_quote":null,"seen_to_decision_ms":0.019561000000000002,"selector":"0x7ff36ab5","source":"backrun","to":"0x10ed43c718714eb63d5aa57b78b54704e256024e","token":"0x8ac76a51cc950d9822d68b83fe1ad97b32cd580d","ts":"2026-09-17T05:52:14.013266743+00:00","venue":"v2","victim_in_competitor_cluster":null}
{"amount_in":"838525926442985437","amount_in_bnb_equiv":null,"detail":null,"event":"tx.skip","fee":null,"from":"0x5d38e9fd509e98c3c38d92ef80c282928338f05f","gas_cost_wei":null,"gas_price_gwei":null,"hash":"0xb7088be1cc7721483bce61c37d226e3922b2824f3a249fc96d2efbb941bab9a6","pair":null,"quote":"wbnb","reason":"not_in_list","reserve_quote":null,"seen_to_decision_ms":0.008119,"selector":"0x18cbafe5","source":"backrun","to":"0x10ed43c718714eb63d5aa57b78b54704e256024e","token":"0x8ac76a51cc950d9822d68b83fe1ad97b32cd580d","ts":"2026-09-17T05:52:14.013435697+00:00","venue":"v2","victim_in_competitor_cluster":null}
{"amount_in":"1729100000000000000","amount_in_bnb_equiv":null,"detail":null,"event":"tx.skip","fee":null,"from":"0xca214b838d16d38325408ba628b689c932455900","gas_cost_wei":null,"gas_price_gwei":null,"hash":"0xc829eb7738762e587d16388e8aa6f5d8d457274462485910c6e732e4318ebb3b","pair":null,"quote":"usdt","reason":"not_in_list","reserve_quote":null,"seen_to_decision_ms":0.007733,"selector":"0x5c11d795","source":"backrun","to":"0x10ed43c718714eb63d5aa57b78b54704e256024e","token":"0x11116f6fc6145fe83e1e11f363210f90e2761111","ts":"2026-09-17T05:52:14.013480472+00:00","venue":"v2","victim_in_competitor_cluster":null}
---- 10 dong sim.evm cuoi (lan chay nay) ----
---- dem Simulated (sim.evm decision=simulated, lan chay nay) ----
0
---- cum A5: rpc.bg_pool (tach RPC nen khoi duong nong) ----
{"bg_url_count":3,"bg_urls":["https://bsc-dataseed1.defibit.io/***","https://bsc-rpc.publicnode.com/***","https://bsc.rpc.blxrbdn.com/***"],"event":"rpc.bg_pool","hot_url_count":5,"separated":true,"source":"3 URL cuoi cua BSC_HTTP (mac dinh)","ts":"2026-09-17T05:46:43.319537825+00:00"}
---- cum A3: competitor.subscribed / competitor.funded (dem) ----
{"event":"competitor.subscribed","seeds":["0xB406021E07b31E1f7850FCcCD7076094f18d07eF","0xa739Dfab40ef6585f1174fcE90EC96330669758c","0x8180aD6A7c9f8f4864e9909480fbA4123FcE6c54"],"ts":"2026-09-17T05:46:46.049930895+00:00","url":"wss://bsc-rpc.publicnode.com/***"}
competitor.funded = 46
victim_in_competitor_cluster=true = 0
---- cum A2: dem skip sanity_reject / competitor_victim ----
sanity_reject = 1
competitor_victim = 0
---- cum 'decision-data-24h' muc 3: pair.vet_restore (nap lai snapshot vet luc boot) ----
{"event":"pair.vet_restore","max_age_sec":3156,"restored":28,"skipped":0,"still_fresh":false,"ts":"2026-09-17T05:46:43.324403857+00:00","vet_max_age_sec":1200}
---- cum 'decision-data-24h' muc 5: pair.vet_cycle_done (loi vet theo LOAI + so pool chua vet duoc) ----
{"due":28,"error_pools":0,"errors_by_class":{},"event":"pair.vet_cycle_done","measured":28,"never_vetted_pools":0,"ts":"2026-09-17T05:49:10.638701509+00:00"}
vet_error missing_trie_node = 0
vet_error rate_limited      = 0
vet_error unsupported_method= 0
vet_error other             = 0
---- cum A4: mined_index.ready / pair.vet_cycle ----
{"block":122359992,"event":"mined_index.ready","ts":"2026-09-17T05:46:44.047007192+00:00","tx_count":94}
{"base_interval_sec":600,"due":28,"event":"pair.vet_cycle","hot_interval_sec":300,"hot_pools":0,"ts":"2026-09-17T05:47:49.208844496+00:00"}
== halt bot (ghi state/halt.lock, cho halt.triggered toi da 10s, roi kill PID) ==
halt.triggered count (lan chay nay) = 1
tx.seen sau halt.triggered (lan chay nay) = 0 (ky vong 0)
tx.build=0 simulated=0 build.refused=0 halt.triggered=1
---- /api/econ summary_line (cum real-economics-mode2, muc 3.e, doc tu ECON_JSON lay TRUOC khi kill) ----
candidate=4716 net_pos=0 net_pos_non_cluster=0 net_pos_v2ok=0 net_pos_evmok=0 net_pos_ca_hai_cong_ok=0 best_net_bnb=- p50_ms=0.01 p95_ms=0.03 stale_pct=0.00 decode_fail_smartrouter=128
DONE. Log day du: logs/paper_run_1789624003.log (redact secret truoc khi dan cho Grok).
Nho dan lai: may=WSL, binary sha256=83565571c77c69c1f3e7cec90a069fb05e31161ed9a1fea9ecf19f3205bc8406, git HEAD=187f10562f447e0f0b9dac27f73f231445242436 (luat #2 AGENTS.md).
