rpc_hosts=['bsc-mainnet.nodereal.io', 'bsc.blockrazor.xyz', 'rpc-bsc.48.club', 'bsc-dataseed1.bnbchain.org']
PROBE_ARCHIVE host=bsc-mainnet.nodereal.io result_len=66 head=0x00000000
PROBE_VERDICT PASS

===== CASE_V2V3 0x657218fc2621df92676029346db880a163276d26d4baf15e88caeaf7d5990f53 =====
receipt host=bsc-mainnet.nodereal.io block=122443922 tx_index=104 status=0x1 to=0x10ed43c718714eb63d5aa57b78b54704e256024e
buy pool token0=0x0a43fc31a73013089df59194872ecae4cae14444 token1=0xbb4cdb9cbd36b01bd1cbaebf2de08d9173bc095c fee=MISSING host=bsc-dataseed1.bnbchain.org {"code": -32000, "message": "missing trie node"}
sell pool token0=0x0a43fc31a73013089df59194872ecae4cae14444 token1=0x55d398326f99059ff775485246999027b3197955 fee=2500
bridge token0=0x55d398326f99059ff775485246999027b3197955 token1=0xbb4cdb9cbd36b01bd1cbaebf2de08d9173bc095c
bridge parent r0=38361844467197518558894722 r1=52726423315480885925615
bridge victim r0=38361843139649218918555932 r1=52726425144702285014362
bridge SNAP  wbnb=53507083413731134572126 usdt=37996015600097767345798691
USDT_per_WBNB snap=710.111880 parent=727.563943 victim=727.563893
PAPER implied final_out=2608185487479021139 (2.608185487479021139) net=13411370479063696
QUOTER_LOG net=13411364926945322 implied_final=2608185481926902765
-- hops at parent block=122443921 --
  hop1 v2_getAmountsOut token_out=83934500854544042473364 (83934.500854544042473364)
  hop2 quoter_v3 usdt_out=1856835127939649224385 (1856.835127939649224385)
  hop3 CHAIN v2_getAmountsOut wbnb=2545623148891280862 (2.545623148891280862) net=-49150968108676581 (-0.049150968108676581)
  hop3 SNAP_CPMM wbnb=2608184439073185518 (2.608184439073185518) net=13410322073228075 (0.013410322073228075)
  hop3 PARENT_RES_CPMM wbnb=2545623148891280862 (2.545623148891280862) net=-49150968108676581
  hop3 VICTIM_RES_CPMM wbnb=2545623325295268235 (2.545623325295268235) net=-49150791704689208
-- hops at victim block=122443922 --
  hop1 v2_getAmountsOut token_out=83934529616754722608221 (83934.529616754722608221)
  hop2 quoter_v3 usdt_out=1856835760200432861333 (1856.835760200432861333)
  hop3 CHAIN v2_getAmountsOut wbnb=2545624192049708604 (2.545624192049708604) net=-49149924950248839 (-0.049149924950248839)
  hop3 SNAP_CPMM wbnb=2608185327128527626 (2.608185327128527626) net=13411210128570183 (0.013411210128570183)
  hop3 PARENT_RES_CPMM wbnb=2545624015645661168 (2.545624015645661168) net=-49150101354296275
  hop3 VICTIM_RES_CPMM wbnb=2545624192049708604 (2.545624192049708604) net=-49149924950248839
v2 buy parent reserve_quote=1098506945763809032402 reserve_token=35835113955911239162315786
v2 buy victim reserve_quote=1098506757564148718095 reserve_token=35835120110683501585023498
v2 hop1 CPMM parent=83934500854544042473364 (83934.500854544042473364) victim=83934529616754722608221 (83934.529616754722608221)

===== CASE_CAKE 0x7ba67696c2fcd9c49cf921c5dd52097bedf24ce4c62d0c1a0cf854d9c928cc1d =====
receipt host=bsc-mainnet.nodereal.io block=122450112 tx_index=82 status=0x1 to=0x1b81d678ffb9c0263b24a97847620c99d213eb14
buy pool token0=0x0e09fabb73bd3ade0a17ecc321fd13a19e81ce82 token1=0xbb4cdb9cbd36b01bd1cbaebf2de08d9173bc095c fee=500
sell pool token0=0x0e09fabb73bd3ade0a17ecc321fd13a19e81ce82 token1=0x55d398326f99059ff775485246999027b3197955 fee=2500
bridge token0=0x55d398326f99059ff775485246999027b3197955 token1=0xbb4cdb9cbd36b01bd1cbaebf2de08d9173bc095c
bridge parent r0=38371541063293283965490677 r1=52715192020610577512200
bridge victim r0=38371541063293283965490677 r1=52715192020610577512200
bridge SNAP  wbnb=53507083413731134572126 usdt=37996015600097767345798691
USDT_per_WBNB snap=710.111880 parent=727.902898 victim=727.902898
PAPER implied final_out=20329784347243675688 (20.329784347243675688) net=319424347243675688
QUOTER_LOG net=316063527379767828 implied_final=20326423527379767828
-- hops at parent block=122450111 --
  hop1 quoter_v3 token_out=5951422212192607019709 (5951.422212192607019709)
  hop2 quoter_v3 usdt_out=14475709425851465308056 (14475.709425851465308056)
  hop3 CHAIN v2_getAmountsOut wbnb=19829689536224740174 (19.829689536224740174) net=-180670463775259826 (-0.180670463775259826)
  hop3 SNAP_CPMM wbnb=20326423527379767828 (20.326423527379767828) net=316063527379767828 (0.316063527379767828)
  hop3 PARENT_RES_CPMM wbnb=19829689536224740174 (19.829689536224740174) net=-180670463775259826
  hop3 VICTIM_RES_CPMM wbnb=19829689536224740174 (19.829689536224740174) net=-180670463775259826
-- hops at victim block=122450112 --
  hop1 quoter_v3 token_out=5951717958786851307760 (5951.71795878685130776)
  hop2 quoter_v3 usdt_out=14476427969477887440537 (14476.427969477887440537)
  hop3 CHAIN v2_getAmountsOut wbnb=19830673469829505051 (19.830673469829505051) net=-179686530170494949 (-0.179686530170494949)
  hop3 SNAP_CPMM wbnb=20327432104784807849 (20.327432104784807849) net=317072104784807849 (0.317072104784807849)
  hop3 PARENT_RES_CPMM wbnb=19830673469829505051 (19.830673469829505051) net=-179686530170494949
  hop3 VICTIM_RES_CPMM wbnb=19830673469829505051 (19.830673469829505051) net=-179686530170494949

WROTE /home/dmin/bsc-sandwich/baocao/evidence/baocao59_audit.json
