== may chay: WSL (repo: /home/dmin/bsc-sandwich) ==
BSC_WS host = bsc-rpc.publicnode.com,wss (KHONG in URL day du)
  -> khop publicnode, OK
== cargo build --release ==
warning: field `log_index` is never read
   --> src/bin/competitor_recon.rs:193:5
    |
190 | struct SwapRow {
    |        ------- field in this struct
...
193 |     log_index: u64,
    |     ^^^^^^^^^
    |
    = note: `SwapRow` has derived impls for the traits `Clone` and `Debug`, but these are intentionally ignored during dead code analysis
    = note: `#[warn(dead_code)]` (part of `#[warn(unused)]`) on by default

warning: fields `block`, `tx_index`, `from`, `to`, and `status_ok` are never read
   --> src/bin/competitor_recon.rs:301:5
    |
300 | struct TxDetail {
    |        -------- fields in this struct
301 |     block: u64,
    |     ^^^^^
302 |     tx_index: u64,
    |     ^^^^^^^^
303 |     from: Address,
    |     ^^^^
304 |     to: Option<Address>,
    |     ^^
...
307 |     status_ok: bool,
    |     ^^^^^^^^^

warning: `bsc_sandwich` (bin "competitor_recon") generated 2 warnings
    Finished `release` profile [optimized] target(s) in 0.32s
== binary sha256 = 6c4abc694925201d2643cd2bbce66d0a3e7bfdef8c217f00b211444ee4d6af8c ==
== git HEAD = af62ac99f9963edd2a77badb264f6e8fd2c7c455 ==
da xoa state/halt.lock (neu co)
== config TAM (chi nguong ve 0 + web_port + live_mode neu co --live-mode, GIU NGUYEN sim_engine/pair_scan_universal/scan_quote_usdt tu config.toml that), port 8795 ==
== pairs_arb.txt (list A, strategy=backrun): total=28 vetted=28 ==
== pairs.txt (grep tho, xem sim.evm/pair.unvetted trong log de co so that): tong=133 vetted=133 chua_vet=0 ==
== chay bot 5 phut, log -> logs/paper_run_1789619872.log (bot.jsonl tu dong 219320) ==
PID=3176590
======== KET QUA SAU 5 PHUT (may: WSL, binary sha256: 6c4abc694925201d2643cd2bbce66d0a3e7bfdef8c217f00b211444ee4d6af8c, git HEAD: af62ac99f9963edd2a77badb264f6e8fd2c7c455) ========
---- 30 dong funnel.minute cuoi (lan chay nay) ----
{"below_min":0,"competitor_victim":0,"deadline":0,"decode_fail":0,"event":"funnel.minute","gas_cap":0,"honeypot_or_tax":0,"no_pool":0,"nonce_future":0,"nonce_stale":0,"not_pancake_router":0,"not_wbnb_pair":0,"rpc_error":0,"sanity_reject":0,"seen":0,"sim_error":0,"simulated":0,"thin_liq":0,"ts":"2026-09-17T04:37:53.207536690+00:00","unprofitable":0,"venue_v2":0,"venue_v3":0,"victim_would_revert":0}
{"below_min":0,"competitor_victim":0,"deadline":0,"decode_fail":0,"event":"funnel.minute","gas_cap":0,"honeypot_or_tax":0,"no_pool":0,"nonce_future":0,"nonce_stale":0,"not_pancake_router":14636,"not_wbnb_pair":0,"rpc_error":0,"sanity_reject":0,"seen":15265,"sim_error":0,"simulated":0,"thin_liq":0,"ts":"2026-09-17T04:39:00.359284919+00:00","unprofitable":0,"venue_v2":0,"venue_v3":0,"victim_would_revert":0}
{"below_min":0,"competitor_victim":0,"deadline":0,"decode_fail":0,"event":"funnel.minute","gas_cap":0,"honeypot_or_tax":0,"no_pool":0,"nonce_future":0,"nonce_stale":0,"not_pancake_router":14953,"not_wbnb_pair":0,"rpc_error":0,"sanity_reject":0,"seen":15528,"sim_error":0,"simulated":0,"thin_liq":0,"ts":"2026-09-17T04:40:07.559268161+00:00","unprofitable":0,"venue_v2":0,"venue_v3":0,"victim_would_revert":0}
{"below_min":0,"competitor_victim":0,"deadline":0,"decode_fail":0,"event":"funnel.minute","gas_cap":0,"honeypot_or_tax":0,"no_pool":0,"nonce_future":0,"nonce_stale":0,"not_pancake_router":17732,"not_wbnb_pair":0,"rpc_error":0,"sanity_reject":0,"seen":18319,"sim_error":0,"simulated":0,"thin_liq":0,"ts":"2026-09-17T04:41:14.755172125+00:00","unprofitable":0,"venue_v2":0,"venue_v3":0,"victim_would_revert":0}
{"below_min":0,"competitor_victim":0,"deadline":0,"decode_fail":0,"event":"funnel.minute","gas_cap":0,"honeypot_or_tax":0,"no_pool":0,"nonce_future":0,"nonce_stale":0,"not_pancake_router":10887,"not_wbnb_pair":0,"rpc_error":0,"sanity_reject":0,"seen":11220,"sim_error":0,"simulated":0,"thin_liq":0,"ts":"2026-09-17T04:42:21.980757180+00:00","unprofitable":0,"venue_v2":0,"venue_v3":0,"victim_would_revert":0}
---- /api/skips ----
{"arb_no_flash_source":0,"arb_no_second_venue":0,"below_min":2,"competitor_victim":0,"deadline":0,"decode_fail":1430,"gas_cap":0,"honeypot_or_tax":0,"hooks_unread":0,"no_pool":0,"nonce_future":0,"nonce_stale":0,"not_in_list":1038,"not_pancake_router":0,"not_quote_pair":78,"not_wbnb_pair":0,"rpc_error":0,"sanity_reject":0,"sell_direction":0,"sim_error":0,"thin_liq":0,"unprofitable":1,"venue_unpinned":0,"victim_would_revert":0}
---- /api/funnel ----
{"below_min":0,"competitor_victim":0,"deadline":0,"decode_fail":0,"gas_cap":0,"honeypot_or_tax":0,"no_pool":0,"nonce_future":0,"nonce_stale":0,"not_pancake_router":13463,"not_wbnb_pair":0,"rpc_error":0,"sanity_reject":0,"seen":13889,"sim_error":0,"simulated":0,"thin_liq":0,"unprofitable":0,"venue_v2":0,"venue_v3":0,"victim_would_revert":0}
---- /api/tax ----
{"allow_tax_inject":true,"current_block":122351553,"entries":[],"tax_cache_blocks":30,"tax_cache_ttl_sec":600}
---- /api/pairs ----
{"count":28,"error_lines":0,"last_reload_sec_ago":0,"pairs":[{"buy_bps":0,"candidate":true,"honeypot":false,"last_vet_sec_ago":116,"pair_addr":"0x0ec12db33551afba853b691b4edf49196ea0e99a","resolved_from":"token","sell_bps":0,"source_line":"0xd5eaaac47bd1993d661bc087e15dfb079a7f3c19","symbol":"KOMA","vetted_at":"2026-09-17"},{"buy_bps":0,"candidate":true,"honeypot":false,"last_vet_sec_ago":54,"pair_addr":"0x0ed7e52944161450477ee417de9cd3a859b14fd0","resolved_from":"token","sell_bps":0,"source_line":"0x0e09fabb73bd3ade0a17ecc321fd13a19e81ce82","symbol":"Cake","vetted_at":"2026-09-17"},{"buy_bps":0,"candidate":true,"honeypot":false,"last_vet_sec_ago":209,"pair_addr":"0x49fd154a3784fb2f9b56cdbcaa0eef07865338f5","resolved_from":"token","sell_bps":0,"source_line":"0x80f1ff15b887cb19295d88c8c16f89d47f6d8888,0x55d398326f99059ff775485246999027b3197955","symbol":"COCO","vetted_at":"2026-09-17"},{"buy_bps":0,"candidate":true,"honeypot":false,"last_vet_sec_ago":192,"pair_addr":"0x71b01ebddd797c8e9e0b003ea2f4fd207fbf46cc","resolved_from":"token","sell_bps":0,"source_line":"0x4338665cbb7b2485a8855a139b75d5e34ab0db94","symbol":"LTC","vetted_at":"2026-09-17"},{"buy_bps":0,"candidate":true,"honeypot":false,"last_vet_sec_ago":199,"pair_addr":"0x61eb789d75a95caa3ff50ed7e47b96c132fec082","resolved_from":"token","sell_bps":0,"source_line":"0x7130d2a12b9bcbfae4f2634d864a1ee1ce3ead9c","symbol":"BTCB","vetted_at":"2026-09-17"},{"buy_bps":0,"candidate":true,"honeypot":false,"last_vet_sec_ago":217,"pair_addr":"0x8a71e31fd7259b52b5b59317da8a45d3612ed42b","resolved_from":"token","sell_bps":0,"source_line":"0x000ae314e2a2172a039b26378814c252734f556a","symbol":"ASTER","vetted_at":"2026-09-17"},{"buy_bps":0,"candidate":true,"honeypot":false,"last_vet_sec_ago":122,"pair_addr":"0x5ba49664d2e190e03be22e81f9e3954938606fc2","resolved_from":"token","sell_bps":0,"source_line":"0x5f980533b994c93631a639deda7892fc49995839","symbol":"COSA","vetted_at":"2026-09-17"},{"buy_bps":0,"candidate":true,"honeypot":false,"last_vet_sec_ago":110,"pair_addr":"0x9eb0bc7a207f77811ee365729d00152622a745b7","resolved_from":"token","sell_bps":0,"source_line":"0x6d5ad1592ed9d6d1df9b93c793ab759573ed6714","symbol":"Broccoli","vetted_at":"2026-09-17"},{"buy_bps":0,"candidate":true,"honeypot":false,"last_vet_sec_ago":148,"pair_addr":"0xa651c8deb3ff9f8d56a26e72042b7a8a1f433480","resolved_from":"token","sell_bps":0,"source_line":"0xc51a9250795c0186a6fb4a7d20a90330651e4444","symbol":"我踏马来了","vetted_at":"2026-09-17"},{"buy_bps":0,"candidate":true,"honeypot":false,"last_vet_sec_ago":214,"pair_addr":"0x6df9adc1837bf37e0b1b943d59a7e50d9678c81b","resolved_from":"token","sell_bps":0,"source_line":"0x6894cde390a3f51155ea41ed24a33a4827d3063d","symbol":"CAT","vetted_at":"2026-09-17"},{"buy_bps":0,"candidate":true,"honeypot":false,"last_vet_sec_ago":99,"pair_addr":"0x28415ff2c35b65b9e5c7de82126b4015ab9d031f","resolved_from":"token","sell_bps":0,"source_line":"0x3ee2200efb3400fabb9aacf31297cbdd1d435d47","symbol":"ADA","vetted_at":"2026-09-17"},{"buy_bps":0,"candidate":true,"honeypot":false,"last_vet_sec_ago":152,"pair_addr":"0x03f18135c44c64ebfdcbad8297fe5bdafdbbdd86","resolved_from":"token","sell_bps":0,"source_line":"0x1d2f0da169ceb9fc7b3144628db156f3f6c60dbe","symbol":"XRP","vetted_at":"2026-09-17"},{"buy_bps":0,"candidate":true,"honeypot":false,"last_vet_sec_ago":49,"pair_addr":"0x3dcb1787a95d2ea0eb7d00887704eebf0d79bb13","resolved_from":"token","sell_bps":0,"source_line":"0x4b0f1812e5df2a09796481ff14017e6005508003","symbol":"TWT","vetted_at":"2026-09-17"},{"buy_bps":0,"candidate":true,"honeypot":false,"last_vet_sec_ago":225,"pair_addr":"0x942b294e59a8c47a0f7f20df105b082710f7c305","resolved_from":"token","sell_bps":0,"source_line":"0xd41fdb03ba84762dd66a0af1a6c8540ff1ba5dfb","symbol":"SFP","vetted_at":"2026-09-17"},{"buy_bps":0,"candidate":true,"honeypot":false,"last_vet_sec_ago":57,"pair_addr":"0xdd5bad8f8b360d76d12fda230f8baf42fe0022cf","resolved_from":"token","sell_bps":0,"source_line":"0x7083609fce4d1d8dc0c979aab8c869ea2c873402","symbol":"DOT","vetted_at":"2026-09-17"},{"buy_bps":0,"candidate":true,"honeypot":false,"last_vet_sec_ago":131,"pair_addr":"0x74e4716e431f45807dcf19f284c7aa99f18a4fbc","resolved_from":"token","sell_bps":0,"source_line":"0x2170ed0880ac9a755fd29b2688956bd959f933f8","symbol":"ETH","vetted_at":"2026-09-17"},{"buy_bps":0,"candidate":true,"honeypot":false,"last_vet_sec_ago":105,"pair_addr":"0x824eb9fadfb377394430d2744fa7c42916de3ece","resolved_from":"token","sell_bps":0,"source_line":"0xf8a0bf9cf54bb92f17374d9e9a321e6a111a51bd","symbol":"LINK","vetted_at":"2026-09-17"},{"buy_bps":0,"candidate":true,"honeypot":false,"last_vet_sec_ago":126,"pair_addr":"0x58f876857a02d6762e0101bb5c46a8c1ed44dc16","resolved_from":"token","sell_bps":0,"source_line":"0xe9e7cea3dedca5984780bafc599bd69add087d56","symbol":"BUSD","vetted_at":"2026-09-17"},{"buy_bps":0,"candidate":true,"honeypot":false,"last_vet_sec_ago":144,"pair_addr":"0xf0a949d3d93b833c183a27ee067165b6f2c9625e","resolved_from":"token","sell_bps":0,"source_line":"0x0a43fc31a73013089df59194872ecae4cae14444","symbol":"4","vetted_at":"2026-09-17"},{"buy_bps":0,"candidate":true,"honeypot":false,"last_vet_sec_ago":175,"pair_addr":"0x16b9a82891338f9ba80e2d6970fdda79d1eb0dae","resolved_from":"token","sell_bps":0,"source_line":"0x55d398326f99059ff775485246999027b3197955","symbol":"USDT","vetted_at":"2026-09-17"},{"buy_bps":0,"candidate":true,"honeypot":false,"last_vet_sec_ago":221,"pair_addr":"0xb36c81707e5ca2bd6f68cd6b71b3178d29c48a4b","resolved_from":"token","sell_bps":0,"source_line":"0x86bb94ddd16efc8bc58e6b056e8df71d9e666429","symbol":"TST","vetted_at":"2026-09-17"},{"buy_bps":0,"candidate":true,"honeypot":false,"last_vet_sec_ago":182,"pair_addr":"0x258b62531e0d6c8d1e2e7ff23904fd851def77ca","resolved_from":"token","sell_bps":0,"source_line":"0x44440f83419de123d7d411187adb9962db017d03","symbol":"BNBHolder","vetted_at":"2026-09-17"},{"buy_bps":0,"candidate":true,"honeypot":false,"last_vet_sec_ago":205,"pair_addr":"0xaf0eb8f2f114917ef0026105c070cf08423f488e","resolved_from":"token","sell_bps":0,"source_line":"0x0df0587216a4a1bb7d5082fdc491d93d2dd4b413","symbol":"Cheems","vetted_at":"2026-09-17"},{"buy_bps":0,"candidate":true,"honeypot":false,"last_vet_sec_ago":157,"pair_addr":"0xc736ca3d9b1e90af4230bd8f9626528b3d4e0ee0","resolved_from":"token","sell_bps":0,"source_line":"0xc748673057861a797275cd8a068abb95a902e8de","symbol":"BabyDoge","vetted_at":"2026-09-17"},{"buy_bps":0,"candidate":true,"honeypot":false,"last_vet_sec_ago":187,"pair_addr":"0x26de6c26dd5560c181011907d8f70c202c2a29d6","resolved_from":"token","sell_bps":0,"source_line":"0xe6df05ce8c8301223373cf5b969afcb1498c5528","symbol":"KOGE","vetted_at":"2026-09-17"},{"buy_bps":0,"candidate":true,"honeypot":false,"last_vet_sec_ago":228,"pair_addr":"0x66f289de31eef70d52186729d2637ac978cfc56b","resolved_from":"token","sell_bps":0,"source_line":"0x924fa68a0fc644485b8df8abfa0a41c2e7744444","symbol":"币安人生","vetted_at":"2026-09-17"},{"buy_bps":0,"candidate":true,"honeypot":false,"last_vet_sec_ago":93,"pair_addr":"0x7eb5d86fd78f3852a3e0e064f2842d45a3db6ea2","resolved_from":"token","sell_bps":0,"source_line":"0xcf6bb5389c92bdda8a3747ddb454cb7a64626c63","symbol":"XVS","vetted_at":"2026-09-17"},{"buy_bps":0,"candidate":true,"honeypot":false,"last_vet_sec_ago":232,"pair_addr":"0xbc42145d5a574ede9b8860fca2a49eb7b239efa5","resolved_from":"token","sell_bps":0,"source_line":"0x92aa03137385f18539301349dcfc9ebc923ffb10","symbol":"SKYAI","vetted_at":"2026-09-17"}],"pending":[],"pending_count":0}
---- /api/econ (cum real-economics-mode2, muc 3) ----
{"best_net_bnb":null,"bribe":{"samples":0,"sum_bribe_bnb":0.0},"buckets_bnb":[{"best_net_bnb":null,"bucket":"<0.01","count":106,"gross_pos":0,"median_gas_cost_bnb":null,"net_pos":0,"net_pos_non_cluster":0,"sum_net_pos_bnb":0.0,"sum_net_pos_bnb_non_cluster":0.0},{"best_net_bnb":null,"bucket":"0.01-0.05","count":27,"gross_pos":0,"median_gas_cost_bnb":null,"net_pos":0,"net_pos_non_cluster":0,"sum_net_pos_bnb":0.0,"sum_net_pos_bnb_non_cluster":0.0},{"best_net_bnb":null,"bucket":"0.05-0.2","count":28,"gross_pos":0,"median_gas_cost_bnb":null,"net_pos":0,"net_pos_non_cluster":0,"sum_net_pos_bnb":0.0,"sum_net_pos_bnb_non_cluster":0.0},{"best_net_bnb":null,"bucket":"0.2-1","count":41,"gross_pos":0,"median_gas_cost_bnb":null,"net_pos":0,"net_pos_non_cluster":0,"sum_net_pos_bnb":0.0,"sum_net_pos_bnb_non_cluster":0.0},{"best_net_bnb":null,"bucket":">=1","count":277,"gross_pos":0,"median_gas_cost_bnb":0.00045,"net_pos":0,"net_pos_non_cluster":0,"sum_net_pos_bnb":0.0,"sum_net_pos_bnb_non_cluster":0.0}],"buckets_front_in_bnb":[{"best_net_bnb":null,"bucket":"<0.01","count":0,"gross_pos":0,"median_gas_cost_bnb":null,"net_pos":0,"net_pos_non_cluster":0,"sum_net_pos_bnb":0.0,"sum_net_pos_bnb_non_cluster":0.0},{"best_net_bnb":null,"bucket":"0.01-0.05","count":0,"gross_pos":0,"median_gas_cost_bnb":null,"net_pos":0,"net_pos_non_cluster":0,"sum_net_pos_bnb":0.0,"sum_net_pos_bnb_non_cluster":0.0},{"best_net_bnb":null,"bucket":"0.05-0.2","count":0,"gross_pos":0,"median_gas_cost_bnb":null,"net_pos":0,"net_pos_non_cluster":0,"sum_net_pos_bnb":0.0,"sum_net_pos_bnb_non_cluster":0.0},{"best_net_bnb":null,"bucket":"0.2-1","count":0,"gross_pos":0,"median_gas_cost_bnb":null,"net_pos":0,"net_pos_non_cluster":0,"sum_net_pos_bnb":0.0,"sum_net_pos_bnb_non_cluster":0.0},{"best_net_bnb":null,"bucket":">=1","count":0,"gross_pos":0,"median_gas_cost_bnb":null,"net_pos":0,"net_pos_non_cluster":0,"sum_net_pos_bnb":0.0,"sum_net_pos_bnb_non_cluster":0.0}],"by_quote":{"usdt":562,"wbnb":479},"candidate":2549,"capital_for_80pct_profit":{},"competitor":{"candidate":0,"pct_of_candidate":0.0,"pools_touched":0,"simulated":0,"sum_net_bnb":0.0},"decode_fail_by_router":{"SmartRouter":123,"UR Infinity":1299,"V2 Router":8},"latency_ms":{"p50":0.010216,"p95":0.021189999999999997,"samples":2549},"lines_scanned":2554,"net_pos_total":0,"net_pos_total_non_cluster":0,"nonce_stale_pct_of_candidate":0.0,"rate_inverted_rejected":0,"rate_unavailable":0,"sum_net_bnb_total_non_cluster":0.0,"summary_line":"candidate=2549 net_pos=0 net_pos_non_cluster=0 net_pos_v2ok=0 net_pos_evmok=0 net_pos_ca_hai_cong_ok=0 best_net_bnb=- p50_ms=0.01 p95_ms=0.02 stale_pct=0.00 decode_fail_smartrouter=123","top_pools":[{"competitor_touched":false,"count":2,"net_pos":0,"net_pos_non_cluster":0,"pair":"0x16b9a82891338f9ba80e2d6970fdda79d1eb0dae","pct_net_pos_la_vi_cum":0.0,"sum_net_bnb":0.0,"sum_net_bnb_non_cluster":0.0,"symbol":"USDT"},{"competitor_touched":false,"count":1,"net_pos":0,"net_pos_non_cluster":0,"pair":"0xc736ca3d9b1e90af4230bd8f9626528b3d4e0ee0","pct_net_pos_la_vi_cum":0.0,"sum_net_bnb":0.0,"sum_net_bnb_non_cluster":0.0,"symbol":"BabyDoge"}],"top_pools_by_net":[],"victim_ok":{"ca_hai_cong_ok":0,"evm_false":0,"evm_ok":0,"evm_unknown":0,"ghi_chu":"So tien DUY NHAT duoc phep ket luan kinh te la sum_net_bnb_ca_hai_cong_ok. net_pos tran trui va net_pos_non_cluster KHONG kiem tra victim co thuc thi duoc khong.","sum_net_bnb_ca_hai_cong_ok":0.0,"v2_false":0,"v2_ok":0,"v2_unknown":0}}
---- /api/validate ----
{"isolated":{"n":0,"p50_lech_pct":null,"p95_lech_pct":null,"within_1pct":0,"within_1pct_ratio":0.0},"non_isolated":{"n":0,"p50_lech_pct":null,"p95_lech_pct":null,"within_1pct":0,"within_1pct_ratio":0.0},"rows":[],"total":0,"within_1pct":0,"within_1pct_ratio":0.0}
---- 20 dong tx.skip cuoi (lan chay nay) ----
{"amount_in":"1664939094112127281985","amount_in_bnb_equiv":null,"detail":null,"event":"tx.skip","fee":null,"from":"0x18c5104e114472de842919aea25d57cd23c8bbf4","gas_cost_wei":null,"gas_price_gwei":null,"hash":"0xb60e2067be902bf1bb55f7b628ffb9fc36b38f5a7594c584cee355b60f297ccd","pair":null,"quote":"wbnb","reason":"not_in_list","reserve_quote":null,"seen_to_decision_ms":0.013318,"selector":"0x791ac947","source":"backrun","to":"0x10ed43c718714eb63d5aa57b78b54704e256024e","token":"0x265b3982ea730748100947f52561a4eab54affff","ts":"2026-09-17T04:43:18.772196141+00:00","venue":"v2","victim_in_competitor_cluster":null}
{"amount_in":"2000000000000000","amount_in_bnb_equiv":null,"detail":null,"event":"tx.skip","fee":null,"from":"0xa59d3fe06711dae7f82ba3ded9a466d2432ba355","gas_cost_wei":null,"gas_price_gwei":null,"hash":"0x08a0df7889e8632392cdc1a7d284c1f0337381eaf370dd009fe1e55c1b37fd9f","pair":null,"quote":"wbnb","reason":"not_in_list","reserve_quote":null,"seen_to_decision_ms":0.010243,"selector":"0xb6f9de95","source":"backrun","to":"0x10ed43c718714eb63d5aa57b78b54704e256024e","token":"0x186c561db134466a444a6aa75f9ecb0b3d93ffff","ts":"2026-09-17T04:43:18.795296785+00:00","venue":"v2","victim_in_competitor_cluster":null}
{"amount_in":null,"amount_in_bnb_equiv":null,"detail":null,"event":"tx.skip","fee":null,"from":"0xee125c6ef33c703e8c9ba613bd565fe7c79adaae","gas_cost_wei":null,"gas_price_gwei":null,"hash":"0xc1c7825c50ac5b45b409b60fb4754d2aade1739543fa6606b0965931b1a322b6","pair":null,"quote":null,"reason":"not_quote_pair","reserve_quote":null,"seen_to_decision_ms":0.009106999999999999,"selector":"0x3593564c","source":"backrun","to":"0xd9c500dff816a1da21a48a732d3498bf09dc9aeb","token":null,"ts":"2026-09-17T04:43:19.053849901+00:00","venue":"universal_router","victim_in_competitor_cluster":null}
{"amount_in":"4455407813731549410086065","amount_in_bnb_equiv":null,"detail":null,"event":"tx.skip","fee":null,"from":"0xef6e029221d1cf7bd688e0da0a6868b58694c69c","gas_cost_wei":null,"gas_price_gwei":null,"hash":"0xf1dea4962e5406e0444d161c1432958b94fd00633bf75d7d2c0c2bb356ef45a1","pair":null,"quote":"wbnb","reason":"not_in_list","reserve_quote":null,"seen_to_decision_ms":0.012605,"selector":"0x18cbafe5","source":"backrun","to":"0x10ed43c718714eb63d5aa57b78b54704e256024e","token":"0xea3d398e4952f26519d1e0d5d871e3c9752affff","ts":"2026-09-17T04:43:19.615652069+00:00","venue":"v2","victim_in_competitor_cluster":null}
{"amount_in":null,"amount_in_bnb_equiv":null,"detail":null,"event":"tx.skip","fee":null,"from":"0x71b1758d4a6db0b3d135583c3493151ff910d963","gas_cost_wei":null,"gas_price_gwei":null,"hash":"0x924bb4cf6e2b97386b5b0e803d96b0b7c244b07b3705b12521c7938938e9fbf4","pair":null,"quote":null,"reason":"decode_fail","reserve_quote":null,"seen_to_decision_ms":0.012155,"selector":"0x04e45aaf","source":"backrun","to":"0x13f4ea83d0bd40e75c8222255bc855a974568dd4","token":null,"ts":"2026-09-17T04:43:19.615672492+00:00","venue":"smart_router","victim_in_competitor_cluster":null}
{"amount_in":"68957397880279940","amount_in_bnb_equiv":"68957397880279940","detail":null,"event":"tx.skip","fee":100,"from":"0x818f8b8aab94be90c3c4bebd3a4e3f61818c8054","gas_cost_wei":null,"gas_price_gwei":null,"hash":"0x66c545bba9ea5184509186ddf8c192f66df2eb00372893fda2158430d00c746e","pair":"0x16b9a82891338f9ba80e2d6970fdda79d1eb0dae","quote":"wbnb","reason":"below_min","reserve_quote":"52828502426869652342402","seen_to_decision_ms":259.603862,"selector":"0x3593564c","source":"backrun","to":"0xd9c500dff816a1da21a48a732d3498bf09dc9aeb","token":"0x55d398326f99059ff775485246999027b3197955","ts":"2026-09-17T04:43:19.714319828+00:00","venue":"universal_router","victim_in_competitor_cluster":null}
{"amount_in":null,"amount_in_bnb_equiv":null,"detail":null,"event":"tx.skip","fee":null,"from":"0x01b47ce299cfc7284769d122fa8d7874e10dbf2a","gas_cost_wei":null,"gas_price_gwei":null,"hash":"0xa46f599ba7713eb81b1726df8d66eea29eb90e813a63aa6ef9d107797cf64039","pair":null,"quote":null,"reason":"decode_fail","reserve_quote":null,"seen_to_decision_ms":0.00825,"selector":"0x3593564c","source":"backrun","to":"0xd9c500dff816a1da21a48a732d3498bf09dc9aeb","token":null,"ts":"2026-09-17T04:43:20.228849204+00:00","venue":"universal_router","victim_in_competitor_cluster":null}
{"amount_in":"2066129373099783725563136","amount_in_bnb_equiv":null,"detail":null,"event":"tx.skip","fee":null,"from":"0x32b7b39227f6e49f01acac85b2bdb6f42162bea5","gas_cost_wei":null,"gas_price_gwei":null,"hash":"0x80f681a88d8123e509945ca7e683a59407ddf120af00c831fb5df4cc9a9e2f06","pair":null,"quote":"wbnb","reason":"not_in_list","reserve_quote":null,"seen_to_decision_ms":0.013606,"selector":"0x791ac947","source":"backrun","to":"0x10ed43c718714eb63d5aa57b78b54704e256024e","token":"0x24a2e016f3656e9b8de952e54af1a001ab72baa5","ts":"2026-09-17T04:43:20.336966712+00:00","venue":"v2","victim_in_competitor_cluster":null}
{"amount_in":"6846933000000000","amount_in_bnb_equiv":null,"detail":null,"event":"tx.skip","fee":null,"from":"0xe3f2e5ecbbc6ad6e58825a3fe29686f1b536b2d9","gas_cost_wei":null,"gas_price_gwei":null,"hash":"0xdc2caa1d85f8326740629ed032e6e88127c96c32cb811e13ff8c9e2af6cc7247","pair":null,"quote":"wbnb","reason":"not_in_list","reserve_quote":null,"seen_to_decision_ms":0.014102,"selector":"0xb6f9de95","source":"backrun","to":"0x10ed43c718714eb63d5aa57b78b54704e256024e","token":"0xf609e7c374ee82001c3c9834c63d8c8cc6ed7777","ts":"2026-09-17T04:43:20.336975602+00:00","venue":"v2","victim_in_competitor_cluster":null}
{"amount_in":"472021793534670","amount_in_bnb_equiv":null,"detail":null,"event":"tx.skip","fee":null,"from":"0x157476bddb99ee8d4ea8b6394e70c4c865b977b9","gas_cost_wei":null,"gas_price_gwei":null,"hash":"0xacf3c8513e7ad5f63d28870ecccf2841a199548d754c8961f282f9915dcb8869","pair":null,"quote":"wbnb","reason":"not_in_list","reserve_quote":null,"seen_to_decision_ms":0.007908,"selector":"0xb6f9de95","source":"backrun","to":"0x10ed43c718714eb63d5aa57b78b54704e256024e","token":"0xae5a409773b9a7dd0ae94ff437ac213d8fafba01","ts":"2026-09-17T04:43:21.592494803+00:00","venue":"v2","victim_in_competitor_cluster":null}
{"amount_in":"26800000000000000","amount_in_bnb_equiv":null,"detail":null,"event":"tx.skip","fee":null,"from":"0xdad4ce1396c7c206da15b2641bc836133c191d76","gas_cost_wei":null,"gas_price_gwei":null,"hash":"0x32e87b84fdc67937c3070da9442360d4286ca365324d7036395e3ccd1b9ab1fa","pair":null,"quote":"wbnb","reason":"not_in_list","reserve_quote":null,"seen_to_decision_ms":0.016149,"selector":"0xb6f9de95","source":"backrun","to":"0x10ed43c718714eb63d5aa57b78b54704e256024e","token":"0x122f1319757d62b1ed2a6a9fcd07e41f30232cf6","ts":"2026-09-17T04:43:21.592498661+00:00","venue":"v2","victim_in_competitor_cluster":null}
{"amount_in":"256184780625783","amount_in_bnb_equiv":null,"detail":null,"event":"tx.skip","fee":null,"from":"0xf18ff717f2bb27031bd891c535679b5e7d0722c0","gas_cost_wei":null,"gas_price_gwei":null,"hash":"0x199a792027297b3f1f5021b6e88879d26f8831574a53aa1ed70cbf3afb4be407","pair":null,"quote":"wbnb","reason":"not_in_list","reserve_quote":null,"seen_to_decision_ms":0.012037,"selector":"0xb6f9de95","source":"backrun","to":"0x10ed43c718714eb63d5aa57b78b54704e256024e","token":"0xf225e70162837a811c77dc2bb413a5c06e97ffff","ts":"2026-09-17T04:43:21.592531095+00:00","venue":"v2","victim_in_competitor_cluster":null}
{"amount_in":"392042291430561855","amount_in_bnb_equiv":null,"detail":null,"event":"tx.skip","fee":null,"from":"0x321bee9815ced159831b9afe0b22f1dfa01382ad","gas_cost_wei":null,"gas_price_gwei":null,"hash":"0xd2dca476a1c85905d198978a98b04ba889976a71c47c4847ac7a9080be224c4b","pair":null,"quote":"usdt","reason":"not_in_list","reserve_quote":null,"seen_to_decision_ms":0.009829000000000001,"selector":"0x5c11d795","source":"backrun","to":"0x10ed43c718714eb63d5aa57b78b54704e256024e","token":"0xb86126b872e3f23bc62d6a4a3152ec65202a2073","ts":"2026-09-17T04:43:21.679351740+00:00","venue":"v2","victim_in_competitor_cluster":null}
{"amount_in":"15000000000000000000","amount_in_bnb_equiv":null,"detail":null,"event":"tx.skip","fee":null,"from":"0x462685a89ea859940255f0c43a3a8be2b37712c7","gas_cost_wei":null,"gas_price_gwei":null,"hash":"0x236bf86dfa24041cf964197b1e5fe62314b091978d9b650f72cd92b44056c184","pair":null,"quote":"usdt","reason":"not_in_list","reserve_quote":null,"seen_to_decision_ms":0.03952,"selector":"0x5c11d795","source":"backrun","to":"0x10ed43c718714eb63d5aa57b78b54704e256024e","token":"0xcae117ca6bc8a341d2e7207f30e180f0e5618b9d","ts":"2026-09-17T04:43:22.336073114+00:00","venue":"v2","victim_in_competitor_cluster":null}
{"amount_in":"1146342035450569300000","amount_in_bnb_equiv":null,"detail":null,"event":"tx.skip","fee":100,"from":"0x8c50b410c940ebc5a7f113aaaf39030c5c50782d","gas_cost_wei":null,"gas_price_gwei":null,"hash":"0x3b59a7df5e20b965803c78afee10fcb2c75c77e36635253b2a5cdc599c0cbad5","pair":null,"quote":"usdt","reason":"not_in_list","reserve_quote":null,"seen_to_decision_ms":0.005779,"selector":"0x09b81346","source":"backrun","to":"0x13f4ea83d0bd40e75c8222255bc855a974568dd4","token":"0x10d4183389e99233db3cc981c43443ebd28ebd5e","ts":"2026-09-17T04:43:22.536220602+00:00","venue":"smart_router","victim_in_competitor_cluster":null}
{"amount_in":null,"amount_in_bnb_equiv":null,"detail":null,"event":"tx.skip","fee":null,"from":"0x3f2fdbdb22b38891e3cd310348ee454923577034","gas_cost_wei":null,"gas_price_gwei":null,"hash":"0xad79563ac82c31c24f87c78c1a8b9ca33a3d357228dc073ed20223e377118cb7","pair":null,"quote":null,"reason":"decode_fail","reserve_quote":null,"seen_to_decision_ms":0.010171,"selector":"0xb858183f","source":"backrun","to":"0x13f4ea83d0bd40e75c8222255bc855a974568dd4","token":null,"ts":"2026-09-17T04:43:22.536246147+00:00","venue":"smart_router","victim_in_competitor_cluster":null}
{"amount_in":"319144935171495040000","amount_in_bnb_equiv":null,"detail":null,"event":"tx.skip","fee":100,"from":"0x3f2fdbdb22b38891e3cd310348ee454923577034","gas_cost_wei":null,"gas_price_gwei":null,"hash":"0x14f9b7a843a4a7ca3cb6aedbe75a1172eeca63bab3fb3d2d809f20e28a91f541","pair":null,"quote":"usdt","reason":"not_in_list","reserve_quote":null,"seen_to_decision_ms":0.017943,"selector":"0x09b81346","source":"backrun","to":"0x13f4ea83d0bd40e75c8222255bc855a974568dd4","token":"0x10d4183389e99233db3cc981c43443ebd28ebd5e","ts":"2026-09-17T04:43:22.536219908+00:00","venue":"smart_router","victim_in_competitor_cluster":null}
{"amount_in":"447240183835570100000","amount_in_bnb_equiv":null,"detail":null,"event":"tx.skip","fee":100,"from":"0x747ea38431a83e4073fc26fda6e2884e4b19a8a7","gas_cost_wei":null,"gas_price_gwei":null,"hash":"0xa6dc69abf6e2362486ff189c2207763d29201971665f1e417b1cee3d2bee1ca2","pair":null,"quote":"usdt","reason":"not_in_list","reserve_quote":null,"seen_to_decision_ms":0.019692,"selector":"0x09b81346","source":"backrun","to":"0x13f4ea83d0bd40e75c8222255bc855a974568dd4","token":"0x10d4183389e99233db3cc981c43443ebd28ebd5e","ts":"2026-09-17T04:43:22.926295275+00:00","venue":"smart_router","victim_in_competitor_cluster":null}
{"amount_in":"500000000000000000000","amount_in_bnb_equiv":null,"detail":null,"event":"tx.skip","fee":500,"from":"0xf86aabe61b1df0f33dd09f3b7bf8232f3d01a904","gas_cost_wei":null,"gas_price_gwei":null,"hash":"0xb13979cb71e78df0dd7bd8eab843a92429c439f70748b6d616c730990402d787","pair":null,"quote":"usdt","reason":"not_in_list","reserve_quote":null,"seen_to_decision_ms":0.00954,"selector":"0x414bf389","source":"backrun","to":"0x1b81d678ffb9c0263b24a97847620c99d213eb14","token":"0x6a2608dabe09bc1128eec7275b92dfb939d5db3f","ts":"2026-09-17T04:43:22.926325752+00:00","venue":"v3","victim_in_competitor_cluster":null}
{"amount_in":"2912600000000000000","amount_in_bnb_equiv":null,"detail":null,"event":"tx.skip","fee":null,"from":"0x6a87b6347aced80a41733c789712fa0865612616","gas_cost_wei":null,"gas_price_gwei":null,"hash":"0x951c5d23c81dd552f5428e7cfdf56a0176d8fda53272f08583bdbc118512733c","pair":null,"quote":"usdt","reason":"not_in_list","reserve_quote":null,"seen_to_decision_ms":0.010685,"selector":"0x5c11d795","source":"backrun","to":"0x10ed43c718714eb63d5aa57b78b54704e256024e","token":"0xcae117ca6bc8a341d2e7207f30e180f0e5618b9d","ts":"2026-09-17T04:43:28.460419205+00:00","venue":"v2","victim_in_competitor_cluster":null}
---- 10 dong sim.evm cuoi (lan chay nay) ----
---- dem Simulated (sim.evm decision=simulated, lan chay nay) ----
0
---- cum A5: rpc.bg_pool (tach RPC nen khoi duong nong) ----
{"bg_url_count":3,"bg_urls":["https://bsc-dataseed1.defibit.io/***","https://bsc-rpc.publicnode.com/***","https://bsc.rpc.blxrbdn.com/***"],"event":"rpc.bg_pool","hot_url_count":5,"separated":true,"source":"3 URL cuoi cua BSC_HTTP (mac dinh)","ts":"2026-09-17T04:37:52.152714859+00:00"}
---- cum A3: competitor.subscribed / competitor.funded (dem) ----
{"event":"competitor.subscribed","seeds":["0xB406021E07b31E1f7850FCcCD7076094f18d07eF","0xa739Dfab40ef6585f1174fcE90EC96330669758c","0x8180aD6A7c9f8f4864e9909480fbA4123FcE6c54"],"ts":"2026-09-17T04:37:54.197340625+00:00","url":"wss://bsc-rpc.publicnode.com/***"}
competitor.funded = 51
victim_in_competitor_cluster=true = 0
---- cum A2: dem skip sanity_reject / competitor_victim ----
sanity_reject = 0
competitor_victim = 0
---- cum 'decision-data-24h' muc 3: pair.vet_restore (nap lai snapshot vet luc boot) ----
{"event":"pair.vet_restore","max_age_sec":55935,"restored":133,"skipped":0,"still_fresh":false,"ts":"2026-09-17T04:37:52.158338653+00:00","vet_max_age_sec":1200}
---- cum 'decision-data-24h' muc 5: pair.vet_cycle_done (loi vet theo LOAI + so pool chua vet duoc) ----
{"due":28,"error_pools":3,"errors_by_class":{"unsupported_method":3},"event":"pair.vet_cycle_done","measured":25,"never_vetted_pools":0,"ts":"2026-09-17T04:41:44.205202756+00:00"}
{"due":3,"error_pools":0,"errors_by_class":{},"event":"pair.vet_cycle_done","measured":3,"never_vetted_pools":0,"ts":"2026-09-17T04:42:31.244823868+00:00"}
vet_error missing_trie_node = 0
vet_error rate_limited      = 0
vet_error unsupported_method= 3
vet_error other             = 0
---- cum A4: mined_index.ready / pair.vet_cycle ----
{"block":122350817,"event":"mined_index.ready","ts":"2026-09-17T04:37:53.640431262+00:00","tx_count":75}
{"base_interval_sec":600,"due":28,"event":"pair.vet_cycle","hot_interval_sec":300,"hot_pools":0,"ts":"2026-09-17T04:38:59.312795504+00:00"}
{"base_interval_sec":600,"due":3,"event":"pair.vet_cycle","hot_interval_sec":300,"hot_pools":0,"ts":"2026-09-17T04:42:17.822479596+00:00"}
== halt bot (ghi state/halt.lock, cho halt.triggered toi da 10s, roi kill PID) ==
halt.triggered count (lan chay nay) = 1
tx.seen sau halt.triggered (lan chay nay) = 0 (ky vong 0)
tx.build=0 simulated=0 build.refused=0 halt.triggered=1
---- /api/econ summary_line (cum real-economics-mode2, muc 3.e, doc tu ECON_JSON lay TRUOC khi kill) ----
candidate=2549 net_pos=0 net_pos_non_cluster=0 net_pos_v2ok=0 net_pos_evmok=0 net_pos_ca_hai_cong_ok=0 best_net_bnb=- p50_ms=0.01 p95_ms=0.02 stale_pct=0.00 decode_fail_smartrouter=123
DONE. Log day du: logs/paper_run_1789619872.log (redact secret truoc khi dan cho Grok).
Nho dan lai: may=WSL, binary sha256=6c4abc694925201d2643cd2bbce66d0a3e7bfdef8c217f00b211444ee4d6af8c, git HEAD=af62ac99f9963edd2a77badb264f6e8fd2c7c455 (luat #2 AGENTS.md).
