arb_replay_18 n_sim=2 n_http=5 n_url=7 hosts=bsc-mainnet.nodereal.io,bsc-mainnet.nodereal.io,rpc-bsc.48.club,bsc-dataseed1.bnbchain.org,bsc-dataseed1.defibit.io,bsc-rpc.publicnode.com,bsc.rpc.blxrbdn.com
connect_ok host=bsc-mainnet.nodereal.io#0 head=122433455
connect_ok host=bsc-mainnet.nodereal.io#1 head=122433456
connect_ok host=rpc-bsc.48.club#2 head=122433457
connect_ok host=bsc-dataseed1.bnbchain.org#3 head=122433458
connect_ok host=bsc-dataseed1.defibit.io#4 head=122433459
connect_ok host=bsc-rpc.publicnode.com#5 head=122433464
connect_ok host=bsc.rpc.blxrbdn.com#6 head=122433465
n_simulated=18
token	symbol	route	borrow	profit_paper	profit_revm	lech_pct	revert_yes_no	block	hash	flash	err
0x0a43fc31a73013089df59194872ecae4cae14444	4	v3_v3	32.761030	1.813484	-2.839823	256.5948	no	122417145	0x487c33fe3d588ac6566ae63e6e7018b02d0499b1321a562a2624f097607209f7	infinity_vault	FAIL_LECH>20 host=bsc-mainnet.nodereal.io#0
rate_limit host=bsc-mainnet.nodereal.io#0 attempt=1 block=122417145 sim_evm thuc thi loi: hop 0x924fa68a0fc644485b8df8abfa0a41c2e7744444->0x55d398326f99059ff775485246999027b3197955: Database(Inner(Transport(ErrorResp(ErrorPayload { code: -32005, message: "You have reached the maximum API usage limit of public. If you need higher throughput, please check out [url] data: None }))))
rate_limit host=bsc-mainnet.nodereal.io#0 attempt=2 block=122417145 sim_evm fork loi: get_block_by_number that bai: server returned an error response: error code -32005: You have reached the maximum API usage limit of public. If you need higher throughput, please check out [url]
rate_limit host=bsc-mainnet.nodereal.io#0 attempt=3 block=122417145 sim_evm fork loi: get_block_by_number that bai: server returned an error response: error code -32005: You have reached the maximum API usage limit of public. If you need higher throughput, please check out [url]
rate_limit host=bsc-mainnet.nodereal.io#0 attempt=4 block=122417145 sim_evm fork loi: get_block_by_number that bai: server returned an error response: error code -32005: You have reached the maximum API usage limit of public. If you need higher throughput, please check out [url]
rate_limit host=bsc-mainnet.nodereal.io#0 attempt=5 block=122417145 sim_evm fork loi: get_block_by_number that bai: server returned an error response: error code -32005: You have reached the maximum API usage limit of public. If you need higher throughput, please check out [url]
rate_limit host=bsc-mainnet.nodereal.io#1 attempt=1 block=122417145 sim_evm fork loi: get_block_by_number that bai: server returned an error response: error code -32005: You have reached the maximum API usage limit of public. If you need higher throughput, please check out [url]
rate_limit host=bsc-mainnet.nodereal.io#1 attempt=2 block=122417145 sim_evm fork loi: get_block_by_number that bai: server returned an error response: error code -32005: You have reached the maximum API usage limit of public. If you need higher throughput, please check out [url]
rate_limit host=bsc-mainnet.nodereal.io#1 attempt=3 block=122417145 sim_evm fork loi: get_block_by_number that bai: server returned an error response: error code -32005: You have reached the maximum API usage limit of public. If you need higher throughput, please check out [url]
0x924fa68a0fc644485b8df8abfa0a41c2e7744444	币安人生	v3_v3	46.372956	4.902730	-1.566826	131.9582	no	122417145	0x0f9be5357e3c820ae8a9decebc786a7fd2c660008334f977bac347d5c148408a	infinity_vault	FAIL_LECH>20 host=bsc-mainnet.nodereal.io#1
rate_limit host=bsc-mainnet.nodereal.io#0 attempt=1 block=122417590 sim_evm thuc thi loi: hop 0x0a43fc31a73013089df59194872ecae4cae14444->0xbb4cdb9cbd36b01bd1cbaebf2de08d9173bc095c: Database(Inner(Transport(ErrorResp(ErrorPayload { code: -32005, message: "You have reached the maximum API usage limit of public. If you need higher throughput, please check out [url] data: None }))))
rate_limit host=bsc-mainnet.nodereal.io#0 attempt=2 block=122417590 sim_evm fork loi: get_block_by_number that bai: server returned an error response: error code -32005: You have reached the maximum API usage limit of public. If you need higher throughput, please check out [url]
rate_limit host=bsc-mainnet.nodereal.io#0 attempt=3 block=122417590 sim_evm fork loi: get_block_by_number that bai: server returned an error response: error code -32005: You have reached the maximum API usage limit of public. If you need higher throughput, please check out [url]
rate_limit host=bsc-mainnet.nodereal.io#0 attempt=4 block=122417590 sim_evm fork loi: get_block_by_number that bai: server returned an error response: error code -32005: You have reached the maximum API usage limit of public. If you need higher throughput, please check out [url]
rate_limit host=bsc-mainnet.nodereal.io#0 attempt=5 block=122417590 sim_evm fork loi: get_block_by_number that bai: server returned an error response: error code -32005: You have reached the maximum API usage limit of public. If you need higher throughput, please check out [url]
rate_limit host=bsc-mainnet.nodereal.io#1 attempt=1 block=122417590 sim_evm fork loi: get_block_by_number that bai: server returned an error response: error code -32005: You have reached the maximum API usage limit of public. If you need higher throughput, please check out [url]
rate_limit host=bsc-mainnet.nodereal.io#1 attempt=2 block=122417590 sim_evm fork loi: get_block_by_number that bai: server returned an error response: error code -32005: You have reached the maximum API usage limit of public. If you need higher throughput, please check out [url]
rate_limit host=bsc-mainnet.nodereal.io#1 attempt=3 block=122417590 sim_evm fork loi: get_block_by_number that bai: server returned an error response: error code -32005: You have reached the maximum API usage limit of public. If you need higher throughput, please check out [url]
0x0a43fc31a73013089df59194872ecae4cae14444	4	v3_v3	32.934211	1.823740	-2.908739	259.4931	no	122417590	0x63bb39daa9ee41300afc22af71cd65fb00ee0e5e43f864b2b44b07bdcd37c0ca	infinity_vault	FAIL_LECH>20 host=bsc-mainnet.nodereal.io#1
rate_limit host=bsc-mainnet.nodereal.io#0 attempt=1 block=122418027 sim_evm thuc thi loi: hop 0x924fa68a0fc644485b8df8abfa0a41c2e7744444->0x55d398326f99059ff775485246999027b3197955: Database(Inner(Transport(ErrorResp(ErrorPayload { code: -32005, message: "You have reached the maximum API usage limit of public. If you need higher throughput, please check out [url] data: None }))))
rate_limit host=bsc-mainnet.nodereal.io#0 attempt=2 block=122418027 sim_evm fork loi: get_block_by_number that bai: server returned an error response: error code -32005: You have reached the maximum API usage limit of public. If you need higher throughput, please check out [url]
rate_limit host=bsc-mainnet.nodereal.io#0 attempt=3 block=122418027 sim_evm fork loi: get_block_by_number that bai: server returned an error response: error code -32005: You have reached the maximum API usage limit of public. If you need higher throughput, please check out [url]
rate_limit host=bsc-mainnet.nodereal.io#0 attempt=4 block=122418027 sim_evm fork loi: get_block_by_number that bai: server returned an error response: error code -32005: You have reached the maximum API usage limit of public. If you need higher throughput, please check out [url]
rate_limit host=bsc-mainnet.nodereal.io#0 attempt=5 block=122418027 sim_evm fork loi: get_block_by_number that bai: server returned an error response: error code -32005: You have reached the maximum API usage limit of public. If you need higher throughput, please check out [url]
rate_limit host=bsc-mainnet.nodereal.io#1 attempt=1 block=122418027 sim_evm fork loi: get_block_by_number that bai: server returned an error response: error code -32005: You have reached the maximum API usage limit of public. If you need higher throughput, please check out [url]
rate_limit host=bsc-mainnet.nodereal.io#1 attempt=2 block=122418027 sim_evm fork loi: get_block_by_number that bai: server returned an error response: error code -32005: You have reached the maximum API usage limit of public. If you need higher throughput, please check out [url]
rate_limit host=bsc-mainnet.nodereal.io#1 attempt=3 block=122418027 sim_evm fork loi: get_block_by_number that bai: server returned an error response: error code -32005: You have reached the maximum API usage limit of public. If you need higher throughput, please check out [url]
0x924fa68a0fc644485b8df8abfa0a41c2e7744444	币安人生	v3_v3	46.372956	4.902730	-1.566826	131.9582	no	122418027	0x41370019b4b5e906db8007181e343b001519d41e0447913179d804bae92990a2	infinity_vault	FAIL_LECH>20 host=bsc-mainnet.nodereal.io#1
rate_limit host=bsc-mainnet.nodereal.io#0 attempt=1 block=122418027 sim_evm thuc thi loi: hop 0x0a43fc31a73013089df59194872ecae4cae14444->0xbb4cdb9cbd36b01bd1cbaebf2de08d9173bc095c: Database(Inner(Transport(ErrorResp(ErrorPayload { code: -32005, message: "You have reached the maximum API usage limit of public. If you need higher throughput, please check out [url] data: None }))))
rate_limit host=bsc-mainnet.nodereal.io#0 attempt=2 block=122418027 sim_evm fork loi: get_block_by_number that bai: server returned an error response: error code -32005: You have reached the maximum API usage limit of public. If you need higher throughput, please check out [url]
rate_limit host=bsc-mainnet.nodereal.io#0 attempt=3 block=122418027 sim_evm fork loi: get_block_by_number that bai: server returned an error response: error code -32005: You have reached the maximum API usage limit of public. If you need higher throughput, please check out [url]
rate_limit host=bsc-mainnet.nodereal.io#0 attempt=4 block=122418027 sim_evm fork loi: get_block_by_number that bai: server returned an error response: error code -32005: You have reached the maximum API usage limit of public. If you need higher throughput, please check out [url]
rate_limit host=bsc-mainnet.nodereal.io#0 attempt=5 block=122418027 sim_evm fork loi: get_block_by_number that bai: server returned an error response: error code -32005: You have reached the maximum API usage limit of public. If you need higher throughput, please check out [url]
rate_limit host=bsc-mainnet.nodereal.io#1 attempt=1 block=122418027 sim_evm fork loi: get_block_by_number that bai: server returned an error response: error code -32005: You have reached the maximum API usage limit of public. If you need higher throughput, please check out [url]
rate_limit host=bsc-mainnet.nodereal.io#1 attempt=2 block=122418027 sim_evm fork loi: get_block_by_number that bai: server returned an error response: error code -32005: You have reached the maximum API usage limit of public. If you need higher throughput, please check out [url]
rate_limit host=bsc-mainnet.nodereal.io#1 attempt=3 block=122418027 sim_evm fork loi: get_block_by_number that bai: server returned an error response: error code -32005: You have reached the maximum API usage limit of public. If you need higher throughput, please check out [url]
0x0a43fc31a73013089df59194872ecae4cae14444	4	v3_v3	32.325603	1.752745	-2.866739	263.5571	no	122418027	0x85a80380b94bf656976efa9040462e86eedccf231cfcbbc0dfb0854fb6b314f1	infinity_vault	FAIL_LECH>20 host=bsc-mainnet.nodereal.io#1
rate_limit host=bsc-mainnet.nodereal.io#0 attempt=1 block=122418306 sim_evm thuc thi loi: hop 0x55d398326f99059ff775485246999027b3197955->0x0a43fc31a73013089df59194872ecae4cae14444: Database(Inner(Transport(ErrorResp(ErrorPayload { code: -32005, message: "You have reached the maximum API usage limit of public. If you need higher throughput, please check out [url] data: None }))))
rate_limit host=bsc-mainnet.nodereal.io#0 attempt=2 block=122418306 sim_evm fork loi: get_block_by_number that bai: server returned an error response: error code -32005: You have reached the maximum API usage limit of public. If you need higher throughput, please check out [url]
rate_limit host=bsc-mainnet.nodereal.io#0 attempt=3 block=122418306 sim_evm fork loi: get_block_by_number that bai: server returned an error response: error code -32005: You have reached the maximum API usage limit of public. If you need higher throughput, please check out [url]
rate_limit host=bsc-mainnet.nodereal.io#0 attempt=4 block=122418306 sim_evm fork loi: get_block_by_number that bai: server returned an error response: error code -32005: You have reached the maximum API usage limit of public. If you need higher throughput, please check out [url]
rate_limit host=bsc-mainnet.nodereal.io#0 attempt=5 block=122418306 sim_evm fork loi: get_block_by_number that bai: server returned an error response: error code -32005: You have reached the maximum API usage limit of public. If you need higher throughput, please check out [url]
rate_limit host=bsc-mainnet.nodereal.io#1 attempt=1 block=122418306 sim_evm fork loi: get_block_by_number that bai: server returned an error response: error code -32005: You have reached the maximum API usage limit of public. If you need higher throughput, please check out [url]
rate_limit host=bsc-mainnet.nodereal.io#1 attempt=2 block=122418306 sim_evm fork loi: get_block_by_number that bai: server returned an error response: error code -32005: You have reached the maximum API usage limit of public. If you need higher throughput, please check out [url]
rate_limit host=bsc-mainnet.nodereal.io#1 attempt=3 block=122418306 sim_evm fork loi: get_block_by_number that bai: server returned an error response: error code -32005: You have reached the maximum API usage limit of public. If you need higher throughput, please check out [url]
0x0a43fc31a73013089df59194872ecae4cae14444	4	v3_v3	35.177890	2.058261	-3.217150	256.3043	no	122418306	0xc0045f368d856557f9c32e23ee1e7b075a0407a2b8977dbc256b516e6ace094a	infinity_vault	FAIL_LECH>20 host=bsc-mainnet.nodereal.io#1
rate_limit host=bsc-mainnet.nodereal.io#0 attempt=1 block=122418329 sim_evm thuc thi loi: hop 0x924fa68a0fc644485b8df8abfa0a41c2e7744444->0x55d398326f99059ff775485246999027b3197955: Database(Inner(Transport(ErrorResp(ErrorPayload { code: -32005, message: "You have reached the maximum API usage limit of public. If you need higher throughput, please check out [url] data: None }))))
rate_limit host=bsc-mainnet.nodereal.io#0 attempt=2 block=122418329 sim_evm fork loi: get_block_by_number that bai: server returned an error response: error code -32005: You have reached the maximum API usage limit of public. If you need higher throughput, please check out [url]
rate_limit host=bsc-mainnet.nodereal.io#0 attempt=3 block=122418329 sim_evm fork loi: get_block_by_number that bai: server returned an error response: error code -32005: You have reached the maximum API usage limit of public. If you need higher throughput, please check out [url]
rate_limit host=bsc-mainnet.nodereal.io#0 attempt=4 block=122418329 sim_evm fork loi: get_block_by_number that bai: server returned an error response: error code -32005: You have reached the maximum API usage limit of public. If you need higher throughput, please check out [url]
rate_limit host=bsc-mainnet.nodereal.io#0 attempt=5 block=122418329 sim_evm fork loi: get_block_by_number that bai: server returned an error response: error code -32005: You have reached the maximum API usage limit of public. If you need higher throughput, please check out [url]
rate_limit host=bsc-mainnet.nodereal.io#1 attempt=1 block=122418329 sim_evm fork loi: get_block_by_number that bai: server returned an error response: error code -32005: You have reached the maximum API usage limit of public. If you need higher throughput, please check out [url]
rate_limit host=bsc-mainnet.nodereal.io#1 attempt=2 block=122418329 sim_evm fork loi: get_block_by_number that bai: server returned an error response: error code -32005: You have reached the maximum API usage limit of public. If you need higher throughput, please check out [url]
rate_limit host=bsc-mainnet.nodereal.io#1 attempt=3 block=122418329 sim_evm fork loi: get_block_by_number that bai: server returned an error response: error code -32005: You have reached the maximum API usage limit of public. If you need higher throughput, please check out [url]
rate_limit host=bsc-mainnet.nodereal.io#1 attempt=4 block=122418329 sim_evm fork loi: get_block_by_number that bai: server returned an error response: error code -32005: You have reached the maximum API usage limit of public. If you need higher throughput, please check out [url]
0x924fa68a0fc644485b8df8abfa0a41c2e7744444	币安人生	v3_v3	46.372956	4.902730	-1.566826	131.9582	no	122418329	0xdf3c6638833eaa814a1d053253cb13ed911ea53f20a2928b3d61d7bd8070e778	infinity_vault	FAIL_LECH>20 host=bsc-mainnet.nodereal.io#1
rate_limit host=bsc-mainnet.nodereal.io#0 attempt=1 block=122418398 sim_evm thuc thi loi: hop 0x0a43fc31a73013089df59194872ecae4cae14444->0xbb4cdb9cbd36b01bd1cbaebf2de08d9173bc095c: Database(Inner(Transport(ErrorResp(ErrorPayload { code: -32005, message: "You have reached the maximum API usage limit of public. If you need higher throughput, please check out [url] data: None }))))
rate_limit host=bsc-mainnet.nodereal.io#0 attempt=2 block=122418398 sim_evm fork loi: get_block_by_number that bai: server returned an error response: error code -32005: You have reached the maximum API usage limit of public. If you need higher throughput, please check out [url]
rate_limit host=bsc-mainnet.nodereal.io#0 attempt=3 block=122418398 sim_evm fork loi: get_block_by_number that bai: server returned an error response: error code -32005: You have reached the maximum API usage limit of public. If you need higher throughput, please check out [url]
rate_limit host=bsc-mainnet.nodereal.io#0 attempt=4 block=122418398 sim_evm fork loi: get_block_by_number that bai: server returned an error response: error code -32005: You have reached the maximum API usage limit of public. If you need higher throughput, please check out [url]
rate_limit host=bsc-mainnet.nodereal.io#0 attempt=5 block=122418398 sim_evm fork loi: get_block_by_number that bai: server returned an error response: error code -32005: You have reached the maximum API usage limit of public. If you need higher throughput, please check out [url]
rate_limit host=bsc-mainnet.nodereal.io#1 attempt=1 block=122418398 sim_evm fork loi: get_block_by_number that bai: server returned an error response: error code -32005: You have reached the maximum API usage limit of public. If you need higher throughput, please check out [url]
rate_limit host=bsc-mainnet.nodereal.io#1 attempt=2 block=122418398 sim_evm fork loi: get_block_by_number that bai: server returned an error response: error code -32005: You have reached the maximum API usage limit of public. If you need higher throughput, please check out [url]
rate_limit host=bsc-mainnet.nodereal.io#1 attempt=3 block=122418398 sim_evm fork loi: get_block_by_number that bai: server returned an error response: error code -32005: You have reached the maximum API usage limit of public. If you need higher throughput, please check out [url]
0x0a43fc31a73013089df59194872ecae4cae14444	4	v3_v3	35.345129	2.079217	-3.237160	255.6913	no	122418398	0x729e51f5d32d15f77aa9154b5a29b207a0586d73c4142cb5fee6fc5a15c3209d	infinity_vault	FAIL_LECH>20 host=bsc-mainnet.nodereal.io#1
rate_limit host=bsc-mainnet.nodereal.io#0 attempt=1 block=122418420 sim_evm thuc thi loi: hop 0x55d398326f99059ff775485246999027b3197955->0x0a43fc31a73013089df59194872ecae4cae14444: Database(Inner(Transport(ErrorResp(ErrorPayload { code: -32005, message: "You have reached the maximum API usage limit of public. If you need higher throughput, please check out [url] data: None }))))
rate_limit host=bsc-mainnet.nodereal.io#0 attempt=2 block=122418420 sim_evm fork loi: get_block_by_number that bai: server returned an error response: error code -32005: You have reached the maximum API usage limit of public. If you need higher throughput, please check out [url]
rate_limit host=bsc-mainnet.nodereal.io#0 attempt=3 block=122418420 sim_evm fork loi: get_block_by_number that bai: server returned an error response: error code -32005: You have reached the maximum API usage limit of public. If you need higher throughput, please check out [url]
rate_limit host=bsc-mainnet.nodereal.io#0 attempt=4 block=122418420 sim_evm fork loi: get_block_by_number that bai: server returned an error response: error code -32005: You have reached the maximum API usage limit of public. If you need higher throughput, please check out [url]
rate_limit host=bsc-mainnet.nodereal.io#0 attempt=5 block=122418420 sim_evm fork loi: get_block_by_number that bai: server returned an error response: error code -32005: You have reached the maximum API usage limit of public. If you need higher throughput, please check out [url]
rate_limit host=bsc-mainnet.nodereal.io#1 attempt=1 block=122418420 sim_evm fork loi: get_block_by_number that bai: server returned an error response: error code -32005: You have reached the maximum API usage limit of public. If you need higher throughput, please check out [url]
rate_limit host=bsc-mainnet.nodereal.io#1 attempt=2 block=122418420 sim_evm fork loi: get_block_by_number that bai: server returned an error response: error code -32005: You have reached the maximum API usage limit of public. If you need higher throughput, please check out [url]
rate_limit host=bsc-mainnet.nodereal.io#1 attempt=3 block=122418420 sim_evm fork loi: get_block_by_number that bai: server returned an error response: error code -32005: You have reached the maximum API usage limit of public. If you need higher throughput, please check out [url]
0x0a43fc31a73013089df59194872ecae4cae14444	4	v3_v3	35.345129	2.079217	-3.226399	255.1738	no	122418420	0xe9724c302cace6a108adf87e5e0c2ff3d3beddb342f522e2a6abe70f87781b79	infinity_vault	FAIL_LECH>20 host=bsc-mainnet.nodereal.io#1
rate_limit host=bsc-mainnet.nodereal.io#0 attempt=1 block=122418586 sim_evm thuc thi loi: hop 0x55d398326f99059ff775485246999027b3197955->0x0a43fc31a73013089df59194872ecae4cae14444: Database(Inner(Transport(ErrorResp(ErrorPayload { code: -32005, message: "You have reached the maximum API usage limit of public. If you need higher throughput, please check out [url] data: None }))))
rate_limit host=bsc-mainnet.nodereal.io#0 attempt=2 block=122418586 sim_evm fork loi: get_block_by_number that bai: server returned an error response: error code -32005: You have reached the maximum API usage limit of public. If you need higher throughput, please check out [url]
rate_limit host=bsc-mainnet.nodereal.io#0 attempt=3 block=122418586 sim_evm fork loi: get_block_by_number that bai: server returned an error response: error code -32005: You have reached the maximum API usage limit of public. If you need higher throughput, please check out [url]
rate_limit host=bsc-mainnet.nodereal.io#0 attempt=4 block=122418586 sim_evm fork loi: get_block_by_number that bai: server returned an error response: error code -32005: You have reached the maximum API usage limit of public. If you need higher throughput, please check out [url]
rate_limit host=bsc-mainnet.nodereal.io#0 attempt=5 block=122418586 sim_evm fork loi: get_block_by_number that bai: server returned an error response: error code -32005: You have reached the maximum API usage limit of public. If you need higher throughput, please check out [url]
rate_limit host=bsc-mainnet.nodereal.io#1 attempt=1 block=122418586 sim_evm fork loi: get_block_by_number that bai: server returned an error response: error code -32005: You have reached the maximum API usage limit of public. If you need higher throughput, please check out [url]
rate_limit host=bsc-mainnet.nodereal.io#1 attempt=2 block=122418586 sim_evm fork loi: get_block_by_number that bai: server returned an error response: error code -32005: You have reached the maximum API usage limit of public. If you need higher throughput, please check out [url]
rate_limit host=bsc-mainnet.nodereal.io#1 attempt=3 block=122418586 sim_evm fork loi: get_block_by_number that bai: server returned an error response: error code -32005: You have reached the maximum API usage limit of public. If you need higher throughput, please check out [url]
0x0a43fc31a73013089df59194872ecae4cae14444	4	v3_v3	35.983304	2.160277	-3.274166	251.5623	no	122418586	0x31b657b62ad710c435a2b701a934be8e30a78e3fd5f8c4b34c76ed995902443a	infinity_vault	FAIL_LECH>20 host=bsc-mainnet.nodereal.io#1
rate_limit host=bsc-mainnet.nodereal.io#0 attempt=1 block=122418656 sim_evm thuc thi loi: hop 0x55d398326f99059ff775485246999027b3197955->0x0a43fc31a73013089df59194872ecae4cae14444: Database(Inner(Transport(ErrorResp(ErrorPayload { code: -32005, message: "You have reached the maximum API usage limit of public. If you need higher throughput, please check out [url] data: None }))))
rate_limit host=bsc-mainnet.nodereal.io#0 attempt=2 block=122418656 sim_evm fork loi: get_block_by_number that bai: server returned an error response: error code -32005: You have reached the maximum API usage limit of public. If you need higher throughput, please check out [url]
rate_limit host=bsc-mainnet.nodereal.io#0 attempt=3 block=122418656 sim_evm fork loi: get_block_by_number that bai: server returned an error response: error code -32005: You have reached the maximum API usage limit of public. If you need higher throughput, please check out [url]
rate_limit host=bsc-mainnet.nodereal.io#0 attempt=4 block=122418656 sim_evm fork loi: get_block_by_number that bai: server returned an error response: error code -32005: You have reached the maximum API usage limit of public. If you need higher throughput, please check out [url]
rate_limit host=bsc-mainnet.nodereal.io#0 attempt=5 block=122418656 sim_evm fork loi: get_block_by_number that bai: server returned an error response: error code -32005: You have reached the maximum API usage limit of public. If you need higher throughput, please check out [url]
rate_limit host=bsc-mainnet.nodereal.io#1 attempt=1 block=122418656 sim_evm fork loi: get_block_by_number that bai: server returned an error response: error code -32005: You have reached the maximum API usage limit of public. If you need higher throughput, please check out [url]
rate_limit host=bsc-mainnet.nodereal.io#1 attempt=2 block=122418656 sim_evm fork loi: get_block_by_number that bai: server returned an error response: error code -32005: You have reached the maximum API usage limit of public. If you need higher throughput, please check out [url]
rate_limit host=bsc-mainnet.nodereal.io#1 attempt=3 block=122418656 sim_evm fork loi: get_block_by_number that bai: server returned an error response: error code -32005: You have reached the maximum API usage limit of public. If you need higher throughput, please check out [url]
0x0a43fc31a73013089df59194872ecae4cae14444	4	v3_v3	35.983304	2.160277	-3.276390	251.6652	no	122418656	0xf2f32b1e38bc502fe077d026837fdc3f87da053d58762d66f03213d66b38fd05	infinity_vault	FAIL_LECH>20 host=bsc-mainnet.nodereal.io#1
rate_limit host=bsc-mainnet.nodereal.io#0 attempt=1 block=122418792 sim_evm thuc thi loi: hop 0x0e09fabb73bd3ade0a17ecc321fd13a19e81ce82->0x55d398326f99059ff775485246999027b3197955: Database(Inner(Transport(ErrorResp(ErrorPayload { code: -32005, message: "You have reached the maximum API usage limit of public. If you need higher throughput, please check out [url] data: None }))))
rate_limit host=bsc-mainnet.nodereal.io#0 attempt=2 block=122418792 sim_evm fork loi: get_block_by_number that bai: server returned an error response: error code -32005: You have reached the maximum API usage limit of public. If you need higher throughput, please check out [url]
rate_limit host=bsc-mainnet.nodereal.io#0 attempt=3 block=122418792 sim_evm fork loi: get_block_by_number that bai: server returned an error response: error code -32005: You have reached the maximum API usage limit of public. If you need higher throughput, please check out [url]
rate_limit host=bsc-mainnet.nodereal.io#0 attempt=4 block=122418792 sim_evm fork loi: get_block_by_number that bai: server returned an error response: error code -32005: You have reached the maximum API usage limit of public. If you need higher throughput, please check out [url]
rate_limit host=bsc-mainnet.nodereal.io#0 attempt=5 block=122418792 sim_evm fork loi: get_block_by_number that bai: server returned an error response: error code -32005: You have reached the maximum API usage limit of public. If you need higher throughput, please check out [url]
rate_limit host=bsc-mainnet.nodereal.io#1 attempt=1 block=122418792 sim_evm fork loi: get_block_by_number that bai: server returned an error response: error code -32005: You have reached the maximum API usage limit of public. If you need higher throughput, please check out [url]
rate_limit host=bsc-mainnet.nodereal.io#1 attempt=2 block=122418792 sim_evm fork loi: get_block_by_number that bai: server returned an error response: error code -32005: You have reached the maximum API usage limit of public. If you need higher throughput, please check out [url]
rate_limit host=bsc-mainnet.nodereal.io#1 attempt=3 block=122418792 sim_evm fork loi: get_block_by_number that bai: server returned an error response: error code -32005: You have reached the maximum API usage limit of public. If you need higher throughput, please check out [url]
0x0e09fabb73bd3ade0a17ecc321fd13a19e81ce82	Cake	v3_v3	195.058900	12.042311	-152.095629	1363.0103	no	122418792	0xefabc7bfd29e81ed7897df19d18defaa89840f780a7307f5aec021c8d50ff779	infinity_vault	FAIL_LECH>20 host=bsc-mainnet.nodereal.io#1
rate_limit host=bsc-mainnet.nodereal.io#0 attempt=1 block=122418847 sim_evm thuc thi loi: hop 0x55d398326f99059ff775485246999027b3197955->0x0a43fc31a73013089df59194872ecae4cae14444: Database(Inner(Transport(ErrorResp(ErrorPayload { code: -32005, message: "You have reached the maximum API usage limit of public. If you need higher throughput, please check out [url] data: None }))))
rate_limit host=bsc-mainnet.nodereal.io#0 attempt=2 block=122418847 sim_evm fork loi: get_block_by_number that bai: server returned an error response: error code -32005: You have reached the maximum API usage limit of public. If you need higher throughput, please check out [url]
rate_limit host=bsc-mainnet.nodereal.io#0 attempt=3 block=122418847 sim_evm fork loi: get_block_by_number that bai: server returned an error response: error code -32005: You have reached the maximum API usage limit of public. If you need higher throughput, please check out [url]
rate_limit host=bsc-mainnet.nodereal.io#0 attempt=4 block=122418847 sim_evm fork loi: get_block_by_number that bai: server returned an error response: error code -32005: You have reached the maximum API usage limit of public. If you need higher throughput, please check out [url]
rate_limit host=bsc-mainnet.nodereal.io#0 attempt=5 block=122418847 sim_evm fork loi: get_block_by_number that bai: server returned an error response: error code -32005: You have reached the maximum API usage limit of public. If you need higher throughput, please check out [url]
rate_limit host=bsc-mainnet.nodereal.io#1 attempt=1 block=122418847 sim_evm fork loi: get_block_by_number that bai: server returned an error response: error code -32005: You have reached the maximum API usage limit of public. If you need higher throughput, please check out [url]
rate_limit host=bsc-mainnet.nodereal.io#1 attempt=2 block=122418847 sim_evm fork loi: get_block_by_number that bai: server returned an error response: error code -32005: You have reached the maximum API usage limit of public. If you need higher throughput, please check out [url]
rate_limit host=bsc-mainnet.nodereal.io#1 attempt=3 block=122418847 sim_evm fork loi: get_block_by_number that bai: server returned an error response: error code -32005: You have reached the maximum API usage limit of public. If you need higher throughput, please check out [url]
0x0a43fc31a73013089df59194872ecae4cae14444	4	v3_v3	36.103055	2.175682	-3.303939	251.8576	no	122418847	0x1b335a6a261aba74ebe732e0d334db646e2562091ccc53505bf3f847fd769ae6	infinity_vault	FAIL_LECH>20 host=bsc-mainnet.nodereal.io#1
rate_limit host=bsc-mainnet.nodereal.io#0 attempt=1 block=122418917 sim_evm thuc thi loi: hop 0x55d398326f99059ff775485246999027b3197955->0x0a43fc31a73013089df59194872ecae4cae14444: Database(Inner(Transport(ErrorResp(ErrorPayload { code: -32005, message: "You have reached the maximum API usage limit of public. If you need higher throughput, please check out [url] data: None }))))
rate_limit host=bsc-mainnet.nodereal.io#0 attempt=2 block=122418917 sim_evm fork loi: get_block_by_number that bai: server returned an error response: error code -32005: You have reached the maximum API usage limit of public. If you need higher throughput, please check out [url]
rate_limit host=bsc-mainnet.nodereal.io#0 attempt=3 block=122418917 sim_evm fork loi: get_block_by_number that bai: server returned an error response: error code -32005: You have reached the maximum API usage limit of public. If you need higher throughput, please check out [url]
rate_limit host=bsc-mainnet.nodereal.io#0 attempt=4 block=122418917 sim_evm fork loi: get_block_by_number that bai: server returned an error response: error code -32005: You have reached the maximum API usage limit of public. If you need higher throughput, please check out [url]
rate_limit host=bsc-mainnet.nodereal.io#0 attempt=5 block=122418917 sim_evm fork loi: get_block_by_number that bai: server returned an error response: error code -32005: You have reached the maximum API usage limit of public. If you need higher throughput, please check out [url]
rate_limit host=bsc-mainnet.nodereal.io#1 attempt=1 block=122418917 sim_evm fork loi: get_block_by_number that bai: server returned an error response: error code -32005: You have reached the maximum API usage limit of public. If you need higher throughput, please check out [url]
rate_limit host=bsc-mainnet.nodereal.io#1 attempt=2 block=122418917 sim_evm fork loi: get_block_by_number that bai: server returned an error response: error code -32005: You have reached the maximum API usage limit of public. If you need higher throughput, please check out [url]
rate_limit host=bsc-mainnet.nodereal.io#1 attempt=3 block=122418917 sim_evm fork loi: get_block_by_number that bai: server returned an error response: error code -32005: You have reached the maximum API usage limit of public. If you need higher throughput, please check out [url]
0x0a43fc31a73013089df59194872ecae4cae14444	4	v3_v3	36.348576	2.207458	-3.341331	251.3655	no	122418917	0x91f718b77e3f00b1915dfab14b133dcde1c444c65178cefad2af7d6cf2dd2c6e	infinity_vault	FAIL_LECH>20 host=bsc-mainnet.nodereal.io#1
rate_limit host=bsc-mainnet.nodereal.io#0 attempt=1 block=122418932 sim_evm thuc thi loi: hop 0x55d398326f99059ff775485246999027b3197955->0x0a43fc31a73013089df59194872ecae4cae14444: Database(Inner(Transport(ErrorResp(ErrorPayload { code: -32005, message: "You have reached the maximum API usage limit of public. If you need higher throughput, please check out [url] data: None }))))
rate_limit host=bsc-mainnet.nodereal.io#0 attempt=2 block=122418932 sim_evm fork loi: get_block_by_number that bai: server returned an error response: error code -32005: You have reached the maximum API usage limit of public. If you need higher throughput, please check out [url]
rate_limit host=bsc-mainnet.nodereal.io#0 attempt=3 block=122418932 sim_evm fork loi: get_block_by_number that bai: server returned an error response: error code -32005: You have reached the maximum API usage limit of public. If you need higher throughput, please check out [url]
rate_limit host=bsc-mainnet.nodereal.io#0 attempt=4 block=122418932 sim_evm fork loi: get_block_by_number that bai: server returned an error response: error code -32005: You have reached the maximum API usage limit of public. If you need higher throughput, please check out [url]
rate_limit host=bsc-mainnet.nodereal.io#0 attempt=5 block=122418932 sim_evm fork loi: get_block_by_number that bai: server returned an error response: error code -32005: You have reached the maximum API usage limit of public. If you need higher throughput, please check out [url]
rate_limit host=bsc-mainnet.nodereal.io#1 attempt=1 block=122418932 sim_evm fork loi: get_block_by_number that bai: server returned an error response: error code -32005: You have reached the maximum API usage limit of public. If you need higher throughput, please check out [url]
rate_limit host=bsc-mainnet.nodereal.io#1 attempt=2 block=122418932 sim_evm fork loi: get_block_by_number that bai: server returned an error response: error code -32005: You have reached the maximum API usage limit of public. If you need higher throughput, please check out [url]
rate_limit host=bsc-mainnet.nodereal.io#1 attempt=3 block=122418932 sim_evm fork loi: get_block_by_number that bai: server returned an error response: error code -32005: You have reached the maximum API usage limit of public. If you need higher throughput, please check out [url]
0x0a43fc31a73013089df59194872ecae4cae14444	4	v3_v3	36.345801	2.207098	-3.344307	251.5251	no	122418932	0x1d80be681e29c21f6abd072fa48962673bd6a171d19db3bc220713141dff7a1e	infinity_vault	FAIL_LECH>20 host=bsc-mainnet.nodereal.io#1
rate_limit host=bsc-mainnet.nodereal.io#0 attempt=1 block=122419081 sim_evm thuc thi loi: hop 0x55d398326f99059ff775485246999027b3197955->0x0a43fc31a73013089df59194872ecae4cae14444: Database(Inner(Transport(ErrorResp(ErrorPayload { code: -32005, message: "You have reached the maximum API usage limit of public. If you need higher throughput, please check out [url] data: None }))))
rate_limit host=bsc-mainnet.nodereal.io#0 attempt=2 block=122419081 sim_evm fork loi: get_block_by_number that bai: server returned an error response: error code -32005: You have reached the maximum API usage limit of public. If you need higher throughput, please check out [url]
rate_limit host=bsc-mainnet.nodereal.io#0 attempt=3 block=122419081 sim_evm fork loi: get_block_by_number that bai: server returned an error response: error code -32005: You have reached the maximum API usage limit of public. If you need higher throughput, please check out [url]
rate_limit host=bsc-mainnet.nodereal.io#0 attempt=4 block=122419081 sim_evm fork loi: get_block_by_number that bai: server returned an error response: error code -32005: You have reached the maximum API usage limit of public. If you need higher throughput, please check out [url]
rate_limit host=bsc-mainnet.nodereal.io#0 attempt=5 block=122419081 sim_evm fork loi: get_block_by_number that bai: server returned an error response: error code -32005: You have reached the maximum API usage limit of public. If you need higher throughput, please check out [url]
rate_limit host=bsc-mainnet.nodereal.io#1 attempt=1 block=122419081 sim_evm fork loi: get_block_by_number that bai: server returned an error response: error code -32005: You have reached the maximum API usage limit of public. If you need higher throughput, please check out [url]
rate_limit host=bsc-mainnet.nodereal.io#1 attempt=2 block=122419081 sim_evm fork loi: get_block_by_number that bai: server returned an error response: error code -32005: You have reached the maximum API usage limit of public. If you need higher throughput, please check out [url]
rate_limit host=bsc-mainnet.nodereal.io#1 attempt=3 block=122419081 sim_evm fork loi: get_block_by_number that bai: server returned an error response: error code -32005: You have reached the maximum API usage limit of public. If you need higher throughput, please check out [url]
rate_limit host=bsc-mainnet.nodereal.io#1 attempt=4 block=122419081 sim_evm fork loi: get_block_by_number that bai: server returned an error response: error code -32005: You have reached the maximum API usage limit of public. If you need higher throughput, please check out [url]
0x0a43fc31a73013089df59194872ecae4cae14444	4	v3_v3	36.875259	2.276497	-3.383028	248.6067	no	122419081	0x11a99c3596888155191e926ca6c696c6ace0a4641a35f38e37f25203d98ea5db	infinity_vault	FAIL_LECH>20 host=bsc-mainnet.nodereal.io#1
rate_limit host=bsc-mainnet.nodereal.io#0 attempt=1 block=122419342 sim_evm thuc thi loi: hop 0x55d398326f99059ff775485246999027b3197955->0x0a43fc31a73013089df59194872ecae4cae14444: Database(Inner(Transport(ErrorResp(ErrorPayload { code: -32005, message: "You have reached the maximum API usage limit of public. If you need higher throughput, please check out [url] data: None }))))
rate_limit host=bsc-mainnet.nodereal.io#0 attempt=2 block=122419342 sim_evm fork loi: get_block_by_number that bai: server returned an error response: error code -32005: You have reached the maximum API usage limit of public. If you need higher throughput, please check out [url]
rate_limit host=bsc-mainnet.nodereal.io#0 attempt=3 block=122419342 sim_evm fork loi: get_block_by_number that bai: server returned an error response: error code -32005: You have reached the maximum API usage limit of public. If you need higher throughput, please check out [url]
rate_limit host=bsc-mainnet.nodereal.io#0 attempt=4 block=122419342 sim_evm fork loi: get_block_by_number that bai: server returned an error response: error code -32005: You have reached the maximum API usage limit of public. If you need higher throughput, please check out [url]
rate_limit host=bsc-mainnet.nodereal.io#0 attempt=5 block=122419342 sim_evm fork loi: get_block_by_number that bai: server returned an error response: error code -32005: You have reached the maximum API usage limit of public. If you need higher throughput, please check out [url]
rate_limit host=bsc-mainnet.nodereal.io#1 attempt=1 block=122419342 sim_evm fork loi: get_block_by_number that bai: server returned an error response: error code -32005: You have reached the maximum API usage limit of public. If you need higher throughput, please check out [url]
rate_limit host=bsc-mainnet.nodereal.io#1 attempt=2 block=122419342 sim_evm fork loi: get_block_by_number that bai: server returned an error response: error code -32005: You have reached the maximum API usage limit of public. If you need higher throughput, please check out [url]
rate_limit host=bsc-mainnet.nodereal.io#1 attempt=3 block=122419342 sim_evm fork loi: get_block_by_number that bai: server returned an error response: error code -32005: You have reached the maximum API usage limit of public. If you need higher throughput, please check out [url]
rate_limit host=bsc-mainnet.nodereal.io#1 attempt=4 block=122419342 sim_evm fork loi: get_block_by_number that bai: server returned an error response: error code -32005: You have reached the maximum API usage limit of public. If you need higher throughput, please check out [url]
0x0a43fc31a73013089df59194872ecae4cae14444	4	v3_v3	36.875259	2.276497	-3.372920	248.1627	no	122419342	0x3f966e9fcfcab361898a0a4c71604af37d158f08b2aecf0f0a294f33aa7fc3a4	infinity_vault	FAIL_LECH>20 host=bsc-mainnet.nodereal.io#1
rate_limit host=bsc-mainnet.nodereal.io#0 attempt=1 block=122421171 sim_evm thuc thi loi: hop 0x55d398326f99059ff775485246999027b3197955->0x0a43fc31a73013089df59194872ecae4cae14444: Database(Inner(Transport(ErrorResp(ErrorPayload { code: -32005, message: "You have reached the maximum API usage limit of public. If you need higher throughput, please check out [url] data: None }))))
rate_limit host=bsc-mainnet.nodereal.io#0 attempt=2 block=122421171 sim_evm fork loi: get_block_by_number that bai: server returned an error response: error code -32005: You have reached the maximum API usage limit of public. If you need higher throughput, please check out [url]
rate_limit host=bsc-mainnet.nodereal.io#0 attempt=3 block=122421171 sim_evm fork loi: get_block_by_number that bai: server returned an error response: error code -32005: You have reached the maximum API usage limit of public. If you need higher throughput, please check out [url]
rate_limit host=bsc-mainnet.nodereal.io#0 attempt=4 block=122421171 sim_evm fork loi: get_block_by_number that bai: server returned an error response: error code -32005: You have reached the maximum API usage limit of public. If you need higher throughput, please check out [url]
rate_limit host=bsc-mainnet.nodereal.io#0 attempt=5 block=122421171 sim_evm fork loi: get_block_by_number that bai: server returned an error response: error code -32005: You have reached the maximum API usage limit of public. If you need higher throughput, please check out [url]
rate_limit host=bsc-mainnet.nodereal.io#1 attempt=1 block=122421171 sim_evm fork loi: get_block_by_number that bai: server returned an error response: error code -32005: You have reached the maximum API usage limit of public. If you need higher throughput, please check out [url]
rate_limit host=bsc-mainnet.nodereal.io#1 attempt=2 block=122421171 sim_evm fork loi: get_block_by_number that bai: server returned an error response: error code -32005: You have reached the maximum API usage limit of public. If you need higher throughput, please check out [url]
rate_limit host=bsc-mainnet.nodereal.io#1 attempt=3 block=122421171 sim_evm fork loi: get_block_by_number that bai: server returned an error response: error code -32005: You have reached the maximum API usage limit of public. If you need higher throughput, please check out [url]
rate_limit host=bsc-mainnet.nodereal.io#1 attempt=4 block=122421171 sim_evm fork loi: get_block_by_number that bai: server returned an error response: error code -32005: You have reached the maximum API usage limit of public. If you need higher throughput, please check out [url]
0x0a43fc31a73013089df59194872ecae4cae14444	4	v3_v3	36.919065	2.269609	-3.478118	253.2475	no	122421171	0x6a4573236ca82f2389ec53cbf62238cf9347634b99215aec7605226a1e9d443f	infinity_vault	FAIL_LECH>20 host=bsc-mainnet.nodereal.io#1
SUMMARY n=18 n_ok=0 n_fail_lech=18 n_revert=0 n_missing=0 rpc_host=bsc-mainnet.nodereal.io#0,bsc-mainnet.nodereal.io#1,rpc-bsc.48.club#2,bsc-dataseed1.bnbchain.org#3,bsc-dataseed1.defibit.io#4,bsc-rpc.publicnode.com#5,bsc.rpc.blxrbdn.com#6
FAIL_rule: lech>20% n=18 revert n=0 (archive/MISSING n=0 khong doan lai)
