start_ts=2026-09-18T00:55:17+07:00
machine=WSL retry_missing7
git_HEAD=93813c6796a7d76a882a88f25d829f0b8426a38f
sha256_arb_replay_18=178084f5ed15e313818685a6e1fa6aaab2d1c7424ada1b53c9449a8580dbc494
arb_replay_18 n_sim=4 n_http=5 n_url=7 hosts=bsc-mainnet.nodereal.io,bsc.blockrazor.xyz,rpc-bsc.48.club,bsc-dataseed1.bnbchain.org,bsc-dataseed1.defibit.io,bsc-rpc.publicnode.com,bsc.rpc.blxrbdn.com
connect_ok host=bsc-mainnet.nodereal.io#0 head=122457037
connect_ok host=bsc.blockrazor.xyz#1 head=122457038
connect_ok host=rpc-bsc.48.club#2 head=122457039
connect_ok host=bsc-dataseed1.bnbchain.org#3 head=122457039
connect_ok host=bsc-dataseed1.defibit.io#4 head=122457040
connect_ok host=bsc-rpc.publicnode.com#5 head=122457041
connect_ok host=bsc.rpc.blxrbdn.com#6 head=122457042
n_simulated=7 n_unique_hash=7
fork=BlockId::number(victim_receipt_block) post-state apply_victim_raw=no
token	symbol	route	borrow_BNB	net_paper	net_quoter	profit_revm	lech_pct_vs_quoter	revert	block	tx_hash	flash	err
0x924fa68a0fc644485b8df8abfa0a41c2e7744444	币安人生	v2_v3	1.989860	0.005752	0.005752	-0.041972	-829.6702	no	122443508	0xbc42244db9572b202239761ec2ac20804b0854eef01139f89bc1aae0aab97013	infinity_vault	FAIL_LECH>20 host=bsc-mainnet.nodereal.io#0
rate_limit host=bsc-mainnet.nodereal.io#0 attempt=1 block=122443922 sim_evm thuc thi loi: hop 0x0a43fc31a73013089df59194872ecae4cae14444->0x55d398326f99059ff775485246999027b3197955: Database(Inner(Transport(ErrorResp(ErrorPayload { code: -32005, message: "You have reached the maximum API usage limit of public. If you need higher throughput, please check out [url] data: None }))))
rate_limit host=bsc-mainnet.nodereal.io#0 attempt=2 block=122443922 sim_evm fork loi: get_block_by_number that bai: server returned an error response: error code -32005: You have reached the maximum API usage limit of public. If you need higher throughput, please check out [url]
rate_limit host=bsc-mainnet.nodereal.io#0 attempt=3 block=122443922 sim_evm fork loi: get_block_by_number that bai: server returned an error response: error code -32005: You have reached the maximum API usage limit of public. If you need higher throughput, please check out [url]
rate_limit host=bsc-mainnet.nodereal.io#0 attempt=4 block=122443922 sim_evm fork loi: get_block_by_number that bai: server returned an error response: error code -32005: You have reached the maximum API usage limit of public. If you need higher throughput, please check out [url]
0x0a43fc31a73013089df59194872ecae4cae14444	4	v2_v3	2.585506	0.013412	0.013412	-0.049151	-466.4777	no	122443922	0x403cc445f991e782235cdfb664430fcc7d07acd4b5b998a8e934a1dde4b98569	infinity_vault	FAIL_LECH>20 host=bsc-mainnet.nodereal.io#0
rate_limit host=bsc-mainnet.nodereal.io#0 attempt=1 block=122444258 sim_evm thuc thi loi: hop 0x0a43fc31a73013089df59194872ecae4cae14444->0x55d398326f99059ff775485246999027b3197955: Database(Inner(Transport(ErrorResp(ErrorPayload { code: -32005, message: "You have reached the maximum API usage limit of public. If you need higher throughput, please check out [url] data: None }))))
rate_limit host=bsc-mainnet.nodereal.io#0 attempt=2 block=122444258 sim_evm fork loi: get_block_by_number that bai: server returned an error response: error code -32005: You have reached the maximum API usage limit of public. If you need higher throughput, please check out [url]
rate_limit host=bsc-mainnet.nodereal.io#0 attempt=3 block=122444258 sim_evm fork loi: get_block_by_number that bai: server returned an error response: error code -32005: You have reached the maximum API usage limit of public. If you need higher throughput, please check out [url]
rate_limit host=bsc-mainnet.nodereal.io#0 attempt=4 block=122444258 sim_evm fork loi: get_block_by_number that bai: server returned an error response: error code -32005: You have reached the maximum API usage limit of public. If you need higher throughput, please check out [url]
0x0a43fc31a73013089df59194872ecae4cae14444	4	v2_v3	2.502680	0.012558	0.012558	-0.048478	-486.0219	no	122444258	0xc71f56666fc398f6238b6228ff41c727c99467bc8664791f9a032bf5e3ec859b	infinity_vault	FAIL_LECH>20 host=bsc-mainnet.nodereal.io#0
rate_limit host=bsc-mainnet.nodereal.io#0 attempt=1 block=122444607 sim_evm thuc thi loi: hop 0x0a43fc31a73013089df59194872ecae4cae14444->0x55d398326f99059ff775485246999027b3197955: Database(Inner(Transport(ErrorResp(ErrorPayload { code: -32005, message: "You have reached the maximum API usage limit of public. If you need higher throughput, please check out [url] data: None }))))
rate_limit host=bsc-mainnet.nodereal.io#0 attempt=2 block=122444607 sim_evm fork loi: get_block_by_number that bai: server returned an error response: error code -32005: You have reached the maximum API usage limit of public. If you need higher throughput, please check out [url]
rate_limit host=bsc-mainnet.nodereal.io#0 attempt=3 block=122444607 sim_evm fork loi: get_block_by_number that bai: server returned an error response: error code -32005: You have reached the maximum API usage limit of public. If you need higher throughput, please check out [url]
rate_limit host=bsc-mainnet.nodereal.io#0 attempt=4 block=122444607 sim_evm fork loi: get_block_by_number that bai: server returned an error response: error code -32005: You have reached the maximum API usage limit of public. If you need higher throughput, please check out [url]
0x0a43fc31a73013089df59194872ecae4cae14444	4	v2_v3	2.400094	0.011538	0.011538	-0.047363	-510.4877	no	122444607	0x85d57a7caf41df976d9f9b9845fbde51b3d27cbd3bfceadf0f84d6b7a325c530	infinity_vault	FAIL_LECH>20 host=bsc-mainnet.nodereal.io#0
rate_limit host=bsc-mainnet.nodereal.io#0 attempt=1 block=122446825 sim_evm thuc thi loi: hop 0x0a43fc31a73013089df59194872ecae4cae14444->0x55d398326f99059ff775485246999027b3197955: Database(Inner(Transport(ErrorResp(ErrorPayload { code: -32005, message: "You have reached the maximum API usage limit of public. If you need higher throughput, please check out [url] data: None }))))
rate_limit host=bsc-mainnet.nodereal.io#0 attempt=2 block=122446825 sim_evm fork loi: get_block_by_number that bai: server returned an error response: error code -32005: You have reached the maximum API usage limit of public. If you need higher throughput, please check out [url]
rate_limit host=bsc-mainnet.nodereal.io#0 attempt=3 block=122446825 sim_evm fork loi: get_block_by_number that bai: server returned an error response: error code -32005: You have reached the maximum API usage limit of public. If you need higher throughput, please check out [url]
rate_limit host=bsc-mainnet.nodereal.io#0 attempt=4 block=122446825 sim_evm fork loi: get_block_by_number that bai: server returned an error response: error code -32005: You have reached the maximum API usage limit of public. If you need higher throughput, please check out [url]
0x0a43fc31a73013089df59194872ecae4cae14444	4	v2_v3	2.535789	0.012845	0.012849	-0.047791	-471.9311	no	122446825	0x73a4958a796e7ab9b603ad368fcd9d2f014266a31de3866cd7ea752dd8fd6a15	infinity_vault	FAIL_LECH>20 host=bsc-mainnet.nodereal.io#0
rate_limit host=bsc-mainnet.nodereal.io#0 attempt=1 block=122447637 sim_evm thuc thi loi: hop 0x0a43fc31a73013089df59194872ecae4cae14444->0x55d398326f99059ff775485246999027b3197955: Database(Inner(Transport(ErrorResp(ErrorPayload { code: -32005, message: "You have reached the maximum API usage limit of public. If you need higher throughput, please check out [url] data: None }))))
rate_limit host=bsc-mainnet.nodereal.io#0 attempt=2 block=122447637 sim_evm fork loi: get_block_by_number that bai: server returned an error response: error code -32005: You have reached the maximum API usage limit of public. If you need higher throughput, please check out [url]
rate_limit host=bsc-mainnet.nodereal.io#0 attempt=3 block=122447637 sim_evm fork loi: get_block_by_number that bai: server returned an error response: error code -32005: You have reached the maximum API usage limit of public. If you need higher throughput, please check out [url]
rate_limit host=bsc-mainnet.nodereal.io#0 attempt=4 block=122447637 sim_evm fork loi: get_block_by_number that bai: server returned an error response: error code -32005: You have reached the maximum API usage limit of public. If you need higher throughput, please check out [url]
0x0a43fc31a73013089df59194872ecae4cae14444	4	v2_v3	2.517964	0.012597	0.012600	-0.049490	-492.7726	no	122447637	0xcdb08900af6f7ae32b14cacbebc414c7de197c0a01f8bc6851fb18f8a21534c4	infinity_vault	FAIL_LECH>20 host=bsc-mainnet.nodereal.io#0
rate_limit host=bsc-mainnet.nodereal.io#0 attempt=1 block=122450436 sim_evm thuc thi loi: hop 0x924fa68a0fc644485b8df8abfa0a41c2e7744444->0x55d398326f99059ff775485246999027b3197955: Database(Inner(Transport(ErrorResp(ErrorPayload { code: -32005, message: "You have reached the maximum API usage limit of public. If you need higher throughput, please check out [url] data: None }))))
rate_limit host=bsc-mainnet.nodereal.io#0 attempt=2 block=122450436 sim_evm fork loi: get_block_by_number that bai: server returned an error response: error code -32005: You have reached the maximum API usage limit of public. If you need higher throughput, please check out [url]
rate_limit host=bsc-mainnet.nodereal.io#0 attempt=3 block=122450436 sim_evm fork loi: get_block_by_number that bai: server returned an error response: error code -32005: You have reached the maximum API usage limit of public. If you need higher throughput, please check out [url]
rate_limit host=bsc-mainnet.nodereal.io#0 attempt=4 block=122450436 sim_evm fork loi: get_block_by_number that bai: server returned an error response: error code -32005: You have reached the maximum API usage limit of public. If you need higher throughput, please check out [url]
0x924fa68a0fc644485b8df8abfa0a41c2e7744444	币安人生	v2_v3	1.959313	0.005570	0.005570	-0.042875	-869.8128	no	122450436	0x216d32058da248d92a71f5cb58851e1424a6d14ae3e1aa1f1f0505eb3047edc6	infinity_vault	FAIL_LECH>20 host=bsc-mainnet.nodereal.io#0
SUMMARY n=7 n_unique_hash=7 n_ok=0 n_fail_lech=7 n_revert=0 n_missing=0 rpc_host=bsc-mainnet.nodereal.io#0,bsc.blockrazor.xyz#1,rpc-bsc.48.club#2,bsc-dataseed1.bnbchain.org#3,bsc-dataseed1.defibit.io#4,bsc-rpc.publicnode.com#5,bsc.rpc.blxrbdn.com#6
FAIL_rule: |lech_vs_quoter|>20% n=7 revert n=0 (archive/MISSING n=0 khong doan lai)
REPLAY_EXIT:0
end_ts=2026-09-18T01:02:56+07:00
