== may chay: WSL (repo: /home/dmin/bsc-sandwich) ==
BSC_WS host = bsc-rpc.publicnode.com,wss (KHONG in URL day du)
  -> khop publicnode, OK
== cargo build --release ==
   Compiling bsc_sandwich v0.1.0 (/home/dmin/bsc-sandwich)
warning: field `log_index` is never read
   --> src/bin/competitor_recon.rs:193:5
    |
190 | struct SwapRow {
    |        ------- field in this struct
...
193 |     log_index: u64,
    |     ^^^^^^^^^
    |
    = note: `SwapRow` has derived impls for the traits `Clone` and `Debug`, but these are intentionally ignored during dead code analysis
    = note: `#[warn(dead_code)]` (part of `#[warn(unused)]`) on by default

warning: fields `block`, `tx_index`, `from`, `to`, and `status_ok` are never read
   --> src/bin/competitor_recon.rs:301:5
    |
300 | struct TxDetail {
    |        -------- fields in this struct
301 |     block: u64,
    |     ^^^^^
302 |     tx_index: u64,
    |     ^^^^^^^^
303 |     from: Address,
    |     ^^^^
304 |     to: Option<Address>,
    |     ^^
...
307 |     status_ok: bool,
    |     ^^^^^^^^^

warning: `bsc_sandwich` (bin "competitor_recon") generated 2 warnings
    Finished `release` profile [optimized] target(s) in 12.60s
log ----
bsc_sandwich boot: chain_id=56 dry_run=true allow_live=false bot_armed=false
CANH BAO: min_profit_bnb=0 BNB thap hon tong gas front+back cap (6000000000000000 wei) - xem logs/bot.jsonl config.gas_warning
web dashboard bind tai http://127.0.0.1:8797 (dry_run=true)
== binary sha256 = f966bfe4518042bd4901f06ec20f2c12607f8de47cf67ac442cddc7c387fc7f9 ==
== git HEAD = 7ad347df67dd90c2bf3cbea1fdbe219a529477ff ==
da xoa state/halt.lock (neu co)
== config TAM (chi nguong ve 0 + web_port + live_mode neu co --live-mode, GIU NGUYEN sim_engine/pair_scan_universal/scan_quote_usdt tu config.toml that), port 8797 ==
== pairs.txt (grep tho, xem sim.evm/pair.unvetted trong log de co so that): tong=133 vetted=133 chua_vet=0 ==
== chay bot 60 phut, log -> logs/paper_run_1789560663.log (bot.jsonl tu dong 77380) ==
PID=2598430
BOT DA CHET sau 59 phut
---- tail -30 logs/paper_run_1789560663.log ----
bsc_sandwich boot: chain_id=56 dry_run=true allow_live=false bot_armed=false
CANH BAO: min_profit_bnb=0 BNB thap hon tong gas front+back cap (6000000000000000 wei) - xem logs/bot.jsonl config.gas_warning
web dashboard bind tai http://127.0.0.1:8797 (dry_run=true)
